Archive member included to satisfy reference by file (symbol)

d:/siliconlabs/simplicitystudio/v4/developer/toolchains/gnu_arm/7.2_2017q4/bin/../lib/gcc/arm-none-eabi/7.2.1/thumb/v7e-m/fpv4-sp/softfp\libgcc.a(_aeabi_uldivmod.o)
                              ./src/em_usart.o (__aeabi_uldivmod)
d:/siliconlabs/simplicitystudio/v4/developer/toolchains/gnu_arm/7.2_2017q4/bin/../lib/gcc/arm-none-eabi/7.2.1/thumb/v7e-m/fpv4-sp/softfp\libgcc.a(_udivmoddi4.o)
                              d:/siliconlabs/simplicitystudio/v4/developer/toolchains/gnu_arm/7.2_2017q4/bin/../lib/gcc/arm-none-eabi/7.2.1/thumb/v7e-m/fpv4-sp/softfp\libgcc.a(_aeabi_uldivmod.o) (__udivmoddi4)
d:/siliconlabs/simplicitystudio/v4/developer/toolchains/gnu_arm/7.2_2017q4/bin/../lib/gcc/arm-none-eabi/7.2.1/thumb/v7e-m/fpv4-sp/softfp\libgcc.a(_dvmd_tls.o)
                              d:/siliconlabs/simplicitystudio/v4/developer/toolchains/gnu_arm/7.2_2017q4/bin/../lib/gcc/arm-none-eabi/7.2.1/thumb/v7e-m/fpv4-sp/softfp\libgcc.a(_aeabi_uldivmod.o) (__aeabi_ldiv0)
d:/siliconlabs/simplicitystudio/v4/developer/toolchains/gnu_arm/7.2_2017q4/bin/../lib/gcc/arm-none-eabi/7.2.1/../../../../arm-none-eabi/lib/thumb/v7e-m/fpv4-sp/softfp\libc_nano.a(lib_a-exit.o)
                              d:/siliconlabs/simplicitystudio/v4/developer/toolchains/gnu_arm/7.2_2017q4/bin/../lib/gcc/arm-none-eabi/7.2.1/../../../../arm-none-eabi/lib/thumb/v7e-m/fpv4-sp/softfp/crt0.o (exit)
d:/siliconlabs/simplicitystudio/v4/developer/toolchains/gnu_arm/7.2_2017q4/bin/../lib/gcc/arm-none-eabi/7.2.1/../../../../arm-none-eabi/lib/thumb/v7e-m/fpv4-sp/softfp\libc_nano.a(lib_a-impure.o)
                              d:/siliconlabs/simplicitystudio/v4/developer/toolchains/gnu_arm/7.2_2017q4/bin/../lib/gcc/arm-none-eabi/7.2.1/../../../../arm-none-eabi/lib/thumb/v7e-m/fpv4-sp/softfp\libc_nano.a(lib_a-exit.o) (_global_impure_ptr)
d:/siliconlabs/simplicitystudio/v4/developer/toolchains/gnu_arm/7.2_2017q4/bin/../lib/gcc/arm-none-eabi/7.2.1/../../../../arm-none-eabi/lib/thumb/v7e-m/fpv4-sp/softfp\libc_nano.a(lib_a-init.o)
                              d:/siliconlabs/simplicitystudio/v4/developer/toolchains/gnu_arm/7.2_2017q4/bin/../lib/gcc/arm-none-eabi/7.2.1/../../../../arm-none-eabi/lib/thumb/v7e-m/fpv4-sp/softfp/crt0.o (__libc_init_array)
d:/siliconlabs/simplicitystudio/v4/developer/toolchains/gnu_arm/7.2_2017q4/bin/../lib/gcc/arm-none-eabi/7.2.1/../../../../arm-none-eabi/lib/thumb/v7e-m/fpv4-sp/softfp\libc_nano.a(lib_a-memcpy-stub.o)
                              ./src/pocsag.o (memcpy)
d:/siliconlabs/simplicitystudio/v4/developer/toolchains/gnu_arm/7.2_2017q4/bin/../lib/gcc/arm-none-eabi/7.2.1/../../../../arm-none-eabi/lib/thumb/v7e-m/fpv4-sp/softfp\libc_nano.a(lib_a-memset.o)
                              d:/siliconlabs/simplicitystudio/v4/developer/toolchains/gnu_arm/7.2_2017q4/bin/../lib/gcc/arm-none-eabi/7.2.1/../../../../arm-none-eabi/lib/thumb/v7e-m/fpv4-sp/softfp/crt0.o (memset)
d:/siliconlabs/simplicitystudio/v4/developer/toolchains/gnu_arm/7.2_2017q4/bin/../lib/gcc/arm-none-eabi/7.2.1/../../../../arm-none-eabi/lib/thumb/v7e-m/fpv4-sp/softfp\libc_nano.a(lib_a-sprintf.o)
                              ./src/parameters.o (sprintf)
d:/siliconlabs/simplicitystudio/v4/developer/toolchains/gnu_arm/7.2_2017q4/bin/../lib/gcc/arm-none-eabi/7.2.1/../../../../arm-none-eabi/lib/thumb/v7e-m/fpv4-sp/softfp\libc_nano.a(lib_a-strlen.o)
                              ./src/pocsag.o (strlen)
d:/siliconlabs/simplicitystudio/v4/developer/toolchains/gnu_arm/7.2_2017q4/bin/../lib/gcc/arm-none-eabi/7.2.1/../../../../arm-none-eabi/lib/thumb/v7e-m/fpv4-sp/softfp\libc_nano.a(lib_a-nano-svfprintf.o)
                              d:/siliconlabs/simplicitystudio/v4/developer/toolchains/gnu_arm/7.2_2017q4/bin/../lib/gcc/arm-none-eabi/7.2.1/../../../../arm-none-eabi/lib/thumb/v7e-m/fpv4-sp/softfp\libc_nano.a(lib_a-sprintf.o) (_svfprintf_r)
d:/siliconlabs/simplicitystudio/v4/developer/toolchains/gnu_arm/7.2_2017q4/bin/../lib/gcc/arm-none-eabi/7.2.1/../../../../arm-none-eabi/lib/thumb/v7e-m/fpv4-sp/softfp\libc_nano.a(lib_a-nano-vfprintf_i.o)
                              d:/siliconlabs/simplicitystudio/v4/developer/toolchains/gnu_arm/7.2_2017q4/bin/../lib/gcc/arm-none-eabi/7.2.1/../../../../arm-none-eabi/lib/thumb/v7e-m/fpv4-sp/softfp\libc_nano.a(lib_a-nano-svfprintf.o) (_printf_i)
d:/siliconlabs/simplicitystudio/v4/developer/toolchains/gnu_arm/7.2_2017q4/bin/../lib/gcc/arm-none-eabi/7.2.1/../../../../arm-none-eabi/lib/thumb/v7e-m/fpv4-sp/softfp\libc_nano.a(lib_a-memchr.o)
                              d:/siliconlabs/simplicitystudio/v4/developer/toolchains/gnu_arm/7.2_2017q4/bin/../lib/gcc/arm-none-eabi/7.2.1/../../../../arm-none-eabi/lib/thumb/v7e-m/fpv4-sp/softfp\libc_nano.a(lib_a-nano-svfprintf.o) (memchr)
d:/siliconlabs/simplicitystudio/v4/developer/toolchains/gnu_arm/7.2_2017q4/bin/../lib/gcc/arm-none-eabi/7.2.1/../../../../arm-none-eabi/lib/thumb/v7e-m/fpv4-sp/softfp\libc_nano.a(lib_a-memmove.o)
[...]
Memory Configuration

Name             Origin             Length             Attributes
FLASH            0x00000000         0x00200000         xr
RAM              0x20000000         0x00080000         xrw
*default*        0x00000000         0xffffffff

Linker script and memory map

LOAD d:/siliconlabs/simplicitystudio/v4/developer/toolchains/gnu_arm/7.2_2017q4/bin/../lib/gcc/arm-none-eabi/7.2.1/thumb/v7e-m/fpv4-sp/softfp/crti.o
LOAD d:/siliconlabs/simplicitystudio/v4/developer/toolchains/gnu_arm/7.2_2017q4/bin/../lib/gcc/arm-none-eabi/7.2.1/thumb/v7e-m/fpv4-sp/softfp/crtbegin.o
LOAD d:/siliconlabs/simplicitystudio/v4/developer/toolchains/gnu_arm/7.2_2017q4/bin/../lib/gcc/arm-none-eabi/7.2.1/../../../../arm-none-eabi/lib/thumb/v7e-m/fpv4-sp/softfp/crt0.o
LOAD ./src/em_cmu.o
LOAD ./src/em_gpio.o
LOAD ./src/em_usart.o
LOAD ./src/main.o
LOAD ./emlib/em_system.o
LOAD ./CMSIS/EFM32GG11B/startup_efm32gg11b.o
LOAD ./CMSIS/EFM32GG11B/system_efm32gg11b.o
LOAD ./src/em_emu.o
LOAD ./src/inputs.o
LOAD ./src/led.o
LOAD ./src/parameters.o
LOAD ./src/pocsag.o
LOAD ./src/timer0.o
LOAD ./src/timer1.o
LOAD ./src/uart0.o
LOAD ./src/uart1.o
LOAD ./src/usart0.o
START GROUP
LOAD d:/siliconlabs/simplicitystudio/v4/developer/toolchains/gnu_arm/7.2_2017q4/bin/../lib/gcc/arm-none-eabi/7.2.1/thumb/v7e-m/fpv4-sp/softfp\libgcc.a
LOAD d:/siliconlabs/simplicitystudio/v4/developer/toolchains/gnu_arm/7.2_2017q4/bin/../lib/gcc/arm-none-eabi/7.2.1/../../../../arm-none-eabi/lib/thumb/v7e-m/fpv4-sp/softfp\libc_nano.a
LOAD d:/siliconlabs/simplicitystudio/v4/developer/toolchains/gnu_arm/7.2_2017q4/bin/../lib/gcc/arm-none-eabi/7.2.1/../../../../arm-none-eabi/lib/thumb/v7e-m/fpv4-sp/softfp\libnosys.a
END GROUP
START GROUP
LOAD d:/siliconlabs/simplicitystudio/v4/developer/toolchains/gnu_arm/7.2_2017q4/bin/../lib/gcc/arm-none-eabi/7.2.1/thumb/v7e-m/fpv4-sp/softfp\libgcc.a
LOAD d:/siliconlabs/simplicitystudio/v4/developer/toolchains/gnu_arm/7.2_2017q4/bin/../lib/gcc/arm-none-eabi/7.2.1/../../../../arm-none-eabi/lib/thumb/v7e-m/fpv4-sp/softfp\libg_nano.a
LOAD d:/siliconlabs/simplicitystudio/v4/developer/toolchains/gnu_arm/7.2_2017q4/bin/../lib/gcc/arm-none-eabi/7.2.1/../../../../arm-none-eabi/lib/thumb/v7e-m/fpv4-sp/softfp\libc_nano.a
END GROUP
START GROUP
LOAD d:/siliconlabs/simplicitystudio/v4/developer/toolchains/gnu_arm/7.2_2017q4/bin/../lib/gcc/arm-none-eabi/7.2.1/thumb/v7e-m/fpv4-sp/softfp\libgcc.a
LOAD d:/siliconlabs/simplicitystudio/v4/developer/toolchains/gnu_arm/7.2_2017q4/bin/../lib/gcc/arm-none-eabi/7.2.1/../../../../arm-none-eabi/lib/thumb/v7e-m/fpv4-sp/softfp\libc_nano.a
END GROUP
LOAD d:/siliconlabs/simplicitystudio/v4/developer/toolchains/gnu_arm/7.2_2017q4/bin/../lib/gcc/arm-none-eabi/7.2.1/thumb/v7e-m/fpv4-sp/softfp/crtend.o
LOAD d:/siliconlabs/simplicitystudio/v4/developer/toolchains/gnu_arm/7.2_2017q4/bin/../lib/gcc/arm-none-eabi/7.2.1/thumb/v7e-m/fpv4-sp/softfp/crtn.o

.text           0x00000000     0x5ccc
 *(.vectors)
 .vectors       0x00000000      0x150 ./CMSIS/EFM32GG11B/startup_efm32gg11b.o
                0x00000000                __Vectors
                0x00000150                __Vectors_End = .
                0x00000150                __Vectors_Size = (__Vectors_End - __Vectors)
                0x00000150                __end__ = .
 *(.text*)
 .text          0x00000150       0x40 d:/siliconlabs/simplicitystudio/v4/developer/toolchains/gnu_arm/7.2_2017q4/bin/../lib/gcc/arm-none-eabi/7.2.1/thumb/v7e-m/fpv4-sp/softfp/crtbegin.o
 .text          0x00000190       0x74 d:/siliconlabs/simplicitystudio/v4/developer/toolchains/gnu_arm/7.2_2017q4/bin/../lib/gcc/arm-none-eabi/7.2.1/../../../../arm-none-eabi/lib/thumb/v7e-m/fpv4-sp/softfp/crt0.o
                0x00000190                _start
                0x00000190                _mainCRTStartup
 .text.BUS_RegBitWrite
                0x00000204       0x2e ./src/em_cmu.o
 .text.BUS_RegBitRead
                0x00000232       0x2a ./src/em_cmu.o
 .text.BUS_RegMaskedSet
                0x0000025c       0x24 ./src/em_cmu.o
 .text.BUS_RegMaskedClear
                0x00000280       0x24 ./src/em_cmu.o
 .text.SL_Log2ToDiv
                0x000002a4       0x1c ./src/em_cmu.o
 .text.CMU_DivToLog2
                0x000002c0       0x32 ./src/em_cmu.o
 .text.CMU_PrescToLog2
                0x000002f2       0x28 ./src/em_cmu.o
 *fill*         0x0000031a        0x2 
 .text.EMU_LDOStatusGet
                0x0000031c       0x24 ./src/em_cmu.o
 .text.EMU_VScaleWait
                0x00000340       0x30 ./src/em_cmu.o
 .text.EMU_VScaleGet
                0x00000370       0x1c ./src/em_cmu.o
 .text.setHfLeConfig
                0x0000038c       0x64 ./src/em_cmu.o
 .text.flashWaitStateControl
                0x000003f0       0x90 ./src/em_cmu.o
 .text.flashWaitStateMax
                0x00000480       0x44 ./src/em_cmu.o
 .text.setRamWaitState
                0x000004c4       0x4c ./src/em_cmu.o
 .text.setBusWaitState
                0x00000510       0x40 ./src/em_cmu.o
 .text.CMU_UpdateWaitStates
                0x00000550       0x52 ./src/em_cmu.o
                0x00000550                CMU_UpdateWaitStates
 *fill*         0x000005a2        0x2 
 .text.getHfxoTuningMode
                0x000005a4       0x1c ./src/em_cmu.o
 .text.setHfxoTuningMode
                0x000005c0       0x2c ./src/em_cmu.o
 .text.syncReg  0x000005ec       0x38 ./src/em_cmu.o
 .text.hfperClkSafePrescaler
                0x00000624       0x2c ./src/em_cmu.o
 .text.hfperClkOptimizedPrescaler
                0x00000650       0xc8 ./src/em_cmu.o
 .text.CMU_ClockEnable
                0x00000718      0x150 ./src/em_cmu.o
                0x00000718                CMU_ClockEnable
 .text.CMU_ClockPrescSet
                0x00000868      0x3d8 ./src/em_cmu.o
                0x00000868                CMU_ClockPrescSet
 .text.CMU_ClockSelectGet
                0x00000c40      0x328 ./src/em_cmu.o
                0x00000c40                CMU_ClockSelectGet
 .text.CMU_ClockSelectSet
                0x00000f68      0x57c ./src/em_cmu.o
                0x00000f68                CMU_ClockSelectSet
 .text.CMU_DPLLLock
                0x000014e4      0x1ec ./src/em_cmu.o
                0x000014e4                CMU_DPLLLock
 .text.CMU_HFRCODevinfoGet
                0x000016d0      0x124 ./src/em_cmu.o
 .text.CMU_HFRCOBandGet
                0x000017f4       0x18 ./src/em_cmu.o
                0x000017f4                CMU_HFRCOBandGet
 .text.CMU_HFXOInit
                0x0000180c       0xcc ./src/em_cmu.o
                0x0000180c                CMU_HFXOInit
 .text.CMU_OscillatorEnable
                0x000018d8      0x1ac ./src/em_cmu.o
                0x000018d8                CMU_OscillatorEnable
 .text.CMU_OscillatorTuningGet
                0x00001a84       0x74 ./src/em_cmu.o
                0x00001a84                CMU_OscillatorTuningGet
 .text.CMU_OscillatorTuningSet
                0x00001af8       0xf0 ./src/em_cmu.o
                0x00001af8                CMU_OscillatorTuningSet
 .text.CMU_OscillatorTuningWait
                0x00001be8       0x5c ./src/em_cmu.o
                0x00001be8                CMU_OscillatorTuningWait
 .text.BUS_RegBitWrite
                0x00001c44       0x2e ./src/em_gpio.o
 .text.BUS_RegMaskedSet
                0x00001c72       0x24 ./src/em_gpio.o
 .text.BUS_RegMaskedClear
                0x00001c96       0x24 ./src/em_gpio.o
 .text.BUS_RegMaskedWrite
                0x00001cba       0x24 ./src/em_gpio.o
 *fill*         0x00001cde        0x2 
 .text.GPIO_IntClear
                0x00001ce0       0x20 ./src/em_gpio.o
 .text.GPIO_PinOutClear
                0x00001d00       0x6c ./src/em_gpio.o
 .text.GPIO_PinOutSet
                0x00001d6c       0x6c ./src/em_gpio.o
 .text.GPIO_ExtIntConfig
                0x00001dd8      0x134 ./src/em_gpio.o
                0x00001dd8                GPIO_ExtIntConfig
 .text.GPIO_PinModeSet
                0x00001f0c      0x12c ./src/em_gpio.o
                0x00001f0c                GPIO_PinModeSet
 .text.USART_Rx
                0x00002038       0x28 ./src/em_usart.o
                0x00002038                USART_Rx
 .text.USART_Tx
                0x00002060       0x2c ./src/em_usart.o
                0x00002060                USART_Tx
 .text.BUS_RegMaskedSet
                0x0000208c       0x24 ./src/main.o
 .text.BUS_RegMaskedClear
                0x000020b0       0x24 ./src/main.o
 .text.GPIO_IntClear
                0x000020d4       0x20 ./src/main.o
 .text.GPIO_IntEnable
                0x000020f4       0x28 ./src/main.o
 .text.GPIO_IntGet
                0x0000211c       0x18 ./src/main.o
 .text.GPIO_PinOutClear
                0x00002134       0x6c ./src/main.o
 .text.GPIO_PinOutSet
                0x000021a0       0x6c ./src/main.o
 .text.GPIO_PinOutToggle
                0x0000220c       0x6c ./src/main.o
 .text.CHIP_Init
                0x00002278       0x7c ./src/main.o
 .text.initClocks
                0x000022f4       0xa0 ./src/main.o
 .text.initOutputs
                0x00002394       0x40 ./src/main.o
 .text.delay_ms
                0x000023d4       0x34 ./src/main.o
 .text.GPIO_EVEN_IRQHandler
                0x00002408       0x28 ./src/main.o
                0x00002408                GPIO_EVEN_IRQHandler
 .text.main     0x00002430      0x360 ./src/main.o
                0x00002430                main
 .text          0x00002790       0x30 ./CMSIS/EFM32GG11B/startup_efm32gg11b.o
                0x00002790                Reset_Handler
                0x000027bc                TIMER5_IRQHandler
                0x000027bc                DebugMon_Handler
                0x000027bc                USART0_TX_IRQHandler
                0x000027bc                USART5_RX_IRQHandler
                0x000027bc                I2C0_IRQHandler
                0x000027bc                HardFault_Handler
                0x000027bc                LEUART1_IRQHandler
                0x000027bc                SysTick_Handler
                0x000027bc                SDIO_IRQHandler
                0x000027bc                USART1_RX_IRQHandler
                0x000027bc                PendSV_Handler
                0x000027bc                NMI_Handler
                0x000027bc                I2C1_IRQHandler
                0x000027bc                CAN1_IRQHandler
                0x000027bc                WTIMER0_IRQHandler
                0x000027bc                WTIMER3_IRQHandler
                0x000027bc                CRYPTO0_IRQHandler
                0x000027bc                WDOG0_IRQHandler
                0x000027bc                TIMER3_IRQHandler
                0x000027bc                USART1_TX_IRQHandler
                0x000027bc                USART4_RX_IRQHandler
                0x000027bc                SMU_IRQHandler
                0x000027bc                MSC_IRQHandler
                0x000027bc                ADC0_IRQHandler
                0x000027bc                UsageFault_Handler
                0x000027bc                WDOG1_IRQHandler
                0x000027bc                LEUART0_IRQHandler
                0x000027bc                TIMER4_IRQHandler
                0x000027bc                FPUEH_IRQHandler
                0x000027bc                WTIMER1_IRQHandler
                0x000027bc                UART0_TX_IRQHandler
                0x000027bc                UART1_TX_IRQHandler
                0x000027bc                VDAC0_IRQHandler
                0x000027bc                QSPI0_IRQHandler
                0x000027bc                LDMA_IRQHandler
                0x000027bc                TIMER6_IRQHandler
                0x000027bc                CSEN_IRQHandler
                0x000027bc                ADC1_IRQHandler
                0x000027bc                I2C2_IRQHandler
                0x000027bc                RTC_IRQHandler
                0x000027bc                TIMER2_IRQHandler
                0x000027bc                LCD_IRQHandler
                0x000027bc                PCNT2_IRQHandler
                0x000027bc                WTIMER2_IRQHandler
                0x000027bc                LETIMER0_IRQHandler
                0x000027bc                TRNG0_IRQHandler
                0x000027bc                USART2_RX_IRQHandler
                0x000027bc                Default_Handler
                0x000027bc                EMU_IRQHandler
                0x000027bc                CRYOTIMER_IRQHandler
                0x000027bc                PCNT0_IRQHandler
                0x000027bc                sl_app_properties
                0x000027bc                USB_IRQHandler
                0x000027bc                USART4_TX_IRQHandler
                0x000027bc                PCNT1_IRQHandler
                0x000027bc                ACMP0_IRQHandler
                0x000027bc                USART5_TX_IRQHandler
                0x000027bc                MemManage_Handler
                0x000027bc                SVC_Handler
                0x000027bc                USART3_RX_IRQHandler
                0x000027bc                RTCC_IRQHandler
                0x000027bc                ETH_IRQHandler
                0x000027bc                CMU_IRQHandler
                0x000027bc                EBI_IRQHandler
                0x000027bc                CAN0_IRQHandler
                0x000027bc                LESENSE_IRQHandler
                0x000027bc                GPIO_ODD_IRQHandler
                0x000027bc                USART3_TX_IRQHandler
                0x000027bc                LETIMER1_IRQHandler
                0x000027bc                ACMP2_IRQHandler
                0x000027bc                BusFault_Handler
                0x000027bc                USART2_TX_IRQHandler
                0x000027bc                IDAC0_IRQHandler
 .text.SystemCoreClockGet
                0x000027c0       0x40 ./CMSIS/EFM32GG11B/system_efm32gg11b.o
                0x000027c0                SystemCoreClockGet
 .text.SystemMaxCoreClockGet
                0x00002800       0x14 ./CMSIS/EFM32GG11B/system_efm32gg11b.o
                0x00002800                SystemMaxCoreClockGet
 .text.SystemHFClockGet
                0x00002814       0xf4 ./CMSIS/EFM32GG11B/system_efm32gg11b.o
                0x00002814                SystemHFClockGet
 .text.SystemHFXOClockGet
                0x00002908       0x18 ./CMSIS/EFM32GG11B/system_efm32gg11b.o
                0x00002908                SystemHFXOClockGet
 .text.SystemInit
                0x00002920       0x2c ./CMSIS/EFM32GG11B/system_efm32gg11b.o
                0x00002920                SystemInit
 .text.BUS_RegBitRead
                0x0000294c       0x2a ./src/em_emu.o
 *fill*         0x00002976        0x2 
 .text.EMU_LDOStatusGet
                0x00002978       0x24 ./src/em_emu.o
 .text.EMU_VScaleWait
                0x0000299c       0x30 ./src/em_emu.o
 .text.EMU_VScaleGet
                0x000029cc       0x1c ./src/em_emu.o
 .text.vScaleEM01Cmd
                0x000029e8       0x22 ./src/em_emu.o
 *fill*         0x00002a0a        0x2 
 .text.EMU_VScaleEM01ByClock
                0x00002a0c       0x84 ./src/em_emu.o
                0x00002a0c                EMU_VScaleEM01ByClock
 .text.EMU_VScaleEM01
                0x00002a90       0x98 ./src/em_emu.o
                0x00002a90                EMU_VScaleEM01
 .text.__NVIC_EnableIRQ
                0x00002b28       0x3c ./src/inputs.o
 .text.BUS_RegBitRead
                0x00002b64       0x2a ./src/inputs.o
 .text.GPIO_PinInGet
                0x00002b8e       0x66 ./src/inputs.o
 .text.Inputs_Init
                0x00002bf4       0x40 ./src/inputs.o
                0x00002bf4                Inputs_Init
 .text.Input_GetRX
                0x00002c34       0x12 ./src/inputs.o
                0x00002c34                Input_GetRX
 .text.BUS_RegMaskedSet
                0x00002c46       0x24 ./src/led.o
 .text.BUS_RegMaskedClear
                0x00002c6a       0x24 ./src/led.o
 .text.GPIO_PinOutClear
                0x00002c8e       0x6c ./src/led.o
 .text.GPIO_PinOutSet
                0x00002cfa       0x6c ./src/led.o
 *fill*         0x00002d66        0x2 
 .text.GPIO_PinOutToggle
                0x00002d68       0x6c ./src/led.o
 .text.LED_Init
                0x00002dd4       0x5c ./src/led.o
                0x00002dd4                LED_Init
 .text.LED1_On  0x00002e30       0x10 ./src/led.o
                0x00002e30                LED1_On
 .text.LED1_Off
                0x00002e40       0x10 ./src/led.o
                0x00002e40                LED1_Off
 .text.LED1_Toggle
                0x00002e50       0x10 ./src/led.o
                0x00002e50                LED1_Toggle
 .text.LED2_On  0x00002e60       0x10 ./src/led.o
                0x00002e60                LED2_On
 .text.LED2_Off
                0x00002e70       0x10 ./src/led.o
                0x00002e70                LED2_Off
 .text.LED2_Toggle
                0x00002e80       0x10 ./src/led.o
                0x00002e80                LED2_Toggle
 .text.LED3_On  0x00002e90       0x10 ./src/led.o
                0x00002e90                LED3_On
 .text.LED3_Off
                0x00002ea0       0x10 ./src/led.o
                0x00002ea0                LED3_Off
 .text.LED3_Toggle
                0x00002eb0       0x10 ./src/led.o
                0x00002eb0                LED3_Toggle
 .text.LED4_On  0x00002ec0       0x10 ./src/led.o
                0x00002ec0                LED4_On
 .text.LED4_Off
                0x00002ed0       0x10 ./src/led.o
                0x00002ed0                LED4_Off
 .text.LED4_Toggle
                0x00002ee0       0x10 ./src/led.o
                0x00002ee0                LED4_Toggle
 .text.LED_RX_On
                0x00002ef0       0x10 ./src/led.o
                0x00002ef0                LED_RX_On
 .text.LED_RX_Off
                0x00002f00       0x10 ./src/led.o
                0x00002f00                LED_RX_Off
 .text.LED_RX_Toggle
                0x00002f10       0x10 ./src/led.o
                0x00002f10                LED_RX_Toggle
 .text.LED_TX_On
                0x00002f20       0x10 ./src/led.o
                0x00002f20                LED_TX_On
 .text.LED_TX_Off
                0x00002f30       0x10 ./src/led.o
                0x00002f30                LED_TX_Off
 .text.LED_TX_Toggle
                0x00002f40       0x10 ./src/led.o
                0x00002f40                LED_TX_Toggle
 .text.Parameters_Init
                0x00002f50      0x110 ./src/parameters.o
                0x00002f50                Parameters_Init
 .text.Parameters_Show
                0x00003060      0x328 ./src/parameters.o
                0x00003060                Parameters_Show
 .text.BUS_RegMaskedSet
                0x00003388       0x24 ./src/pocsag.o
 .text.BUS_RegMaskedClear
                0x000033ac       0x24 ./src/pocsag.o
 .text.GPIO_IntDisable
                0x000033d0       0x2c ./src/pocsag.o
 .text.GPIO_IntEnable
                0x000033fc       0x28 ./src/pocsag.o
 .text.GPIO_PinOutClear
                0x00003424       0x6c ./src/pocsag.o
 .text.GPIO_PinOutSet
                0x00003490       0x6c ./src/pocsag.o
 .text.GPIO_PinOutToggle
                0x000034fc       0x6c ./src/pocsag.o
 .text.get_bit  0x00003568       0x44 ./src/pocsag.o
                0x00003568                get_bit
 .text.calculate_syndrom
                0x000035ac       0x60 ./src/pocsag.o
 .text.check_parity
                0x0000360c       0x50 ./src/pocsag.o
 .text.try_fix_word
                0x0000365c       0x78 ./src/pocsag.o
 .text.POCSAG_rx_init
                0x000036d4       0x64 ./src/pocsag.o
                0x000036d4                POCSAG_rx_init
 .text.POCSAG_edge_detected
                0x00003738       0x24 ./src/pocsag.o
                0x00003738                POCSAG_edge_detected
 .text.set_tx_bit
                0x0000375c       0x40 ./src/pocsag.o
                0x0000375c                set_tx_bit
 .text.tx_start
                0x0000379c       0x48 ./src/pocsag.o
                0x0000379c                tx_start
 .text.tx_stop  0x000037e4       0x30 ./src/pocsag.o
                0x000037e4                tx_stop
 .text.tx_bit   0x00003814      0x178 ./src/pocsag.o
                0x00003814                tx_bit
 .text.POCSAG_sample_bit
                0x0000398c      0x1c0 ./src/pocsag.o
                0x0000398c                POCSAG_sample_bit
 .text.decode_ascii_part
                0x00003b4c       0xf4 ./src/pocsag.o
                0x00003b4c                decode_ascii_part
 .text.make_bch
                0x00003c40       0xe8 ./src/pocsag.o
                0x00003c40                make_bch
 .text.make_header
                0x00003d28       0xc8 ./src/pocsag.o
                0x00003d28                make_header
 .text.POCSAG_process
                0x00003df0      0x56c ./src/pocsag.o
                0x00003df0                POCSAG_process
 .text.__NVIC_EnableIRQ
                0x0000435c       0x3c ./src/timer0.o
 .text.__NVIC_ClearPendingIRQ
                0x00004398       0x3c ./src/timer0.o
 .text.initTIMER0
                0x000043d4       0x68 ./src/timer0.o
                0x000043d4                initTIMER0
 .text.TIMER0_IRQHandler
                0x0000443c       0x50 ./src/timer0.o
                0x0000443c                TIMER0_IRQHandler
 .text.__NVIC_EnableIRQ
                0x0000448c       0x3c ./src/timer1.o
 .text.__NVIC_DisableIRQ
                0x000044c8       0x44 ./src/timer1.o
 .text.__NVIC_ClearPendingIRQ
                0x0000450c       0x3c ./src/timer1.o
 .text.initTIMER1
                0x00004548       0x54 ./src/timer1.o
                0x00004548                initTIMER1
 .text.TIMER1_Start
                0x0000459c       0x2c ./src/timer1.o
                0x0000459c                TIMER1_Start
 .text.TIMER1_Stop
                0x000045c8       0x18 ./src/timer1.o
                0x000045c8                TIMER1_Stop
 .text.TIMER1_IRQHandler
                0x000045e0       0x20 ./src/timer1.o
                0x000045e0                TIMER1_IRQHandler
 .text.__NVIC_EnableIRQ
                0x00004600       0x3c ./src/uart0.o
 .text.__NVIC_ClearPendingIRQ
                0x0000463c       0x3c ./src/uart0.o
 .text.USART_IntClear
                0x00004678       0x1c ./src/uart0.o
 .text.USART_IntEnable
                0x00004694       0x22 ./src/uart0.o
 *fill*         0x000046b6        0x2 
 .text.initUART0
                0x000046b8       0x98 ./src/uart0.o
                0x000046b8                initUART0
 .text.sendStringUART0
                0x00004750       0x30 ./src/uart0.o
                0x00004750                sendStringUART0
 .text.UART0_RX_IRQHandler
                0x00004780       0x70 ./src/uart0.o
                0x00004780                UART0_RX_IRQHandler
 .text.__NVIC_EnableIRQ
                0x000047f0       0x3c ./src/uart1.o
 .text.__NVIC_ClearPendingIRQ
                0x0000482c       0x3c ./src/uart1.o
 .text.USART_IntClear
                0x00004868       0x1c ./src/uart1.o
 .text.USART_IntEnable
                0x00004884       0x22 ./src/uart1.o
 *fill*         0x000048a6        0x2 
 .text.initUART1
                0x000048a8       0xa0 ./src/uart1.o
                0x000048a8                initUART1
 .text.sendCharUART1
                0x00004948       0x20 ./src/uart1.o
                0x00004948                sendCharUART1
 .text.sendStringUART1
                0x00004968       0x30 ./src/uart1.o
                0x00004968                sendStringUART1
 .text.UART1_RX_IRQHandler
                0x00004998       0x90 ./src/uart1.o
                0x00004998                UART1_RX_IRQHandler
 .text.__NVIC_EnableIRQ
                0x00004a28       0x3c ./src/usart0.o
 .text.__NVIC_ClearPendingIRQ
                0x00004a64       0x3c ./src/usart0.o
 .text.USART_IntClear
                0x00004aa0       0x1c ./src/usart0.o
 .text.USART_IntEnable
                0x00004abc       0x22 ./src/usart0.o
 .text.USART_BaudrateSet_Manual
                0x00004ade       0x38 ./src/usart0.o
                0x00004ade                USART_BaudrateSet_Manual
 *fill*         0x00004b16        0x2 
 .text.initUSART0
                0x00004b18       0x94 ./src/usart0.o
                0x00004b18                initUSART0
 .text.sendStringUSART0
                0x00004bac       0x30 ./src/usart0.o
                0x00004bac                sendStringUSART0
 .text.USART0_RX_IRQHandler
                0x00004bdc       0x70 ./src/usart0.o
                0x00004bdc                USART0_RX_IRQHandler
 .text.exit     0x00004c4c       0x28 d:/siliconlabs/simplicitystudio/v4/developer/toolchains/gnu_arm/7.2_2017q4/bin/../lib/gcc/arm-none-eabi/7.2.1/../../../../arm-none-eabi/lib/thumb/v7e-m/fpv4-sp/softfp\libc_nano.a(lib_a-exit.o)
                0x00004c4c                exit
 .text.__libc_init_array
                0x00004c74       0x48 d:/siliconlabs/simplicitystudio/v4/developer/toolchains/gnu_arm/7.2_2017q4/bin/../lib/gcc/arm-none-eabi/7.2.1/../../../../arm-none-eabi/lib/thumb/v7e-m/fpv4-sp/softfp\libc_nano.a(lib_a-init.o)
                0x00004c74                __libc_init_array
 .text.memcpy   0x00004cbc       0x16 d:/siliconlabs/simplicitystudio/v4/developer/toolchains/gnu_arm/7.2_2017q4/bin/../lib/gcc/arm-none-eabi/7.2.1/../../../../arm-none-eabi/lib/thumb/v7e-m/fpv4-sp/softfp\libc_nano.a(lib_a-memcpy-stub.o)
                0x00004cbc                memcpy
 .text.memset   0x00004cd2       0x10 d:/siliconlabs/simplicitystudio/v4/developer/toolchains/gnu_arm/7.2_2017q4/bin/../lib/gcc/arm-none-eabi/7.2.1/../../../../arm-none-eabi/lib/thumb/v7e-m/fpv4-sp/softfp\libc_nano.a(lib_a-memset.o)
                0x00004cd2                memset
 *fill*         0x00004ce2        0x2 
 .text.sprintf  0x00004ce4       0x40 d:/siliconlabs/simplicitystudio/v4/developer/toolchains/gnu_arm/7.2_2017q4/bin/../lib/gcc/arm-none-eabi/7.2.1/../../../../arm-none-eabi/lib/thumb/v7e-m/fpv4-sp/softfp\libc_nano.a(lib_a-sprintf.o)
                0x00004ce4                siprintf
                0x00004ce4                sprintf
 .text          0x00004d24       0x10 d:/siliconlabs/simplicitystudio/v4/developer/toolchains/gnu_arm/7.2_2017q4/bin/../lib/gcc/arm-none-eabi/7.2.1/../../../../arm-none-eabi/lib/thumb/v7e-m/fpv4-sp/softfp\libc_nano.a(lib_a-strlen.o)
                0x00004d24                strlen
 .text.__ssputs_r
                0x00004d34       0xb4 d:/siliconlabs/simplicitystudio/v4/developer/toolchains/gnu_arm/7.2_2017q4/bin/../lib/gcc/arm-none-eabi/7.2.1/../../../../arm-none-eabi/lib/thumb/v7e-m/fpv4-sp/softfp\libc_nano.a(lib_a-nano-svfprintf.o)
                0x00004d34                __ssputs_r
 .text._svfprintf_r
                0x00004de8      0x1ec d:/siliconlabs/simplicitystudio/v4/developer/toolchains/gnu_arm/7.2_2017q4/bin/../lib/gcc/arm-none-eabi/7.2.1/../../../../arm-none-eabi/lib/thumb/v7e-m/fpv4-sp/softfp\libc_nano.a(lib_a-nano-svfprintf.o)
                0x00004de8                _svfiprintf_r
                0x00004de8                _svfprintf_r
 .text._printf_common
                0x00004fd4       0xea d:/siliconlabs/simplicitystudio/v4/developer/toolchains/gnu_arm/7.2_2017q4/bin/../lib/gcc/arm-none-eabi/7.2.1/../../../../arm-none-eabi/lib/thumb/v7e-m/fpv4-sp/softfp\libc_nano.a(lib_a-nano-vfprintf_i.o)
                0x00004fd4                _printf_common
 *fill*         0x000050be        0x2 
 .text._printf_i
                0x000050c0      0x224 d:/siliconlabs/simplicitystudio/v4/developer/toolchains/gnu_arm/7.2_2017q4/bin/../lib/gcc/arm-none-eabi/7.2.1/../../../../arm-none-eabi/lib/thumb/v7e-m/fpv4-sp/softfp\libc_nano.a(lib_a-nano-vfprintf_i.o)
                0x000050c0                _printf_i
 *fill*         0x000052e4        0xc 
 .text          0x000052f0       0xa0 d:/siliconlabs/simplicitystudio/v4/developer/toolchains/gnu_arm/7.2_2017q4/bin/../lib/gcc/arm-none-eabi/7.2.1/../../../../arm-none-eabi/lib/thumb/v7e-m/fpv4-sp/softfp\libc_nano.a(lib_a-memchr.o)
                0x000052f0                memchr
 .text.memmove  0x00005390       0x32 d:/siliconlabs/simplicitystudio/v4/developer/toolchains/gnu_arm/7.2_2017q4/bin/../lib/gcc/arm-none-eabi/7.2.1/../../../../arm-none-eabi/lib/thumb/v7e-m/fpv4-sp/softfp\libc_nano.a(lib_a-memmove.o)
                0x00005390                memmove
 *fill*         0x000053c2        0x2 
 .text._free_r  0x000053c4       0x9c d:/siliconlabs/simplicitystudio/v4/developer/toolchains/gnu_arm/7.2_2017q4/bin/../lib/gcc/arm-none-eabi/7.2.1/../../../../arm-none-eabi/lib/thumb/v7e-m/fpv4-sp/softfp\libc_nano.a(lib_a-nano-freer.o)
                0x000053c4                _free_r
 .text._malloc_r
                0x00005460       0xb4 d:/siliconlabs/simplicitystudio/v4/developer/toolchains/gnu_arm/7.2_2017q4/bin/../lib/gcc/arm-none-eabi/7.2.1/../../../../arm-none-eabi/lib/thumb/v7e-m/fpv4-sp/softfp\libc_nano.a(lib_a-nano-mallocr.o)
                0x00005460                _malloc_r
 .text._realloc_r
                0x00005514       0x4c d:/siliconlabs/simplicitystudio/v4/developer/toolchains/gnu_arm/7.2_2017q4/bin/../lib/gcc/arm-none-eabi/7.2.1/../../../../arm-none-eabi/lib/thumb/v7e-m/fpv4-sp/softfp\libc_nano.a(lib_a-nano-reallocr.o)
                0x00005514                _realloc_r
 .text._sbrk_r  0x00005560       0x20 d:/siliconlabs/simplicitystudio/v4/developer/toolchains/gnu_arm/7.2_2017q4/bin/../lib/gcc/arm-none-eabi/7.2.1/../../../../arm-none-eabi/lib/thumb/v7e-m/fpv4-sp/softfp\libc_nano.a(lib_a-sbrkr.o)
                0x00005560                _sbrk_r
 .text.__malloc_lock
                0x00005580        0x2 d:/siliconlabs/simplicitystudio/v4/developer/toolchains/gnu_arm/7.2_2017q4/bin/../lib/gcc/arm-none-eabi/7.2.1/../../../../arm-none-eabi/lib/thumb/v7e-m/fpv4-sp/softfp\libc_nano.a(lib_a-mlock.o)
                0x00005580                __malloc_lock
 .text.__malloc_unlock
                0x00005582        0x2 d:/siliconlabs/simplicitystudio/v4/developer/toolchains/gnu_arm/7.2_2017q4/bin/../lib/gcc/arm-none-eabi/7.2.1/../../../../arm-none-eabi/lib/thumb/v7e-m/fpv4-sp/softfp\libc_nano.a(lib_a-mlock.o)
                0x00005582                __malloc_unlock
 .text._malloc_usable_size_r
                0x00005584       0x10 d:/siliconlabs/simplicitystudio/v4/developer/toolchains/gnu_arm/7.2_2017q4/bin/../lib/gcc/arm-none-eabi/7.2.1/../../../../arm-none-eabi/lib/thumb/v7e-m/fpv4-sp/softfp\libc_nano.a(lib_a-nano-msizer.o)
                0x00005584                _malloc_usable_size_r
 .text._sbrk    0x00005594       0x1c d:/siliconlabs/simplicitystudio/v4/developer/toolchains/gnu_arm/7.2_2017q4/bin/../lib/gcc/arm-none-eabi/7.2.1/../../../../arm-none-eabi/lib/thumb/v7e-m/fpv4-sp/softfp\libnosys.a(sbrk.o)
                0x00005594                _sbrk
 .text._exit    0x000055b0        0x4 d:/siliconlabs/simplicitystudio/v4/developer/toolchains/gnu_arm/7.2_2017q4/bin/../lib/gcc/arm-none-eabi/7.2.1/../../../../arm-none-eabi/lib/thumb/v7e-m/fpv4-sp/softfp\libnosys.a(_exit.o)
                0x000055b0                _exit
 *(.init)
 .init          0x000055b4        0x4 d:/siliconlabs/simplicitystudio/v4/developer/toolchains/gnu_arm/7.2_2017q4/bin/../lib/gcc/arm-none-eabi/7.2.1/thumb/v7e-m/fpv4-sp/softfp/crti.o
                0x000055b4                _init
 .init          0x000055b8        0x8 d:/siliconlabs/simplicitystudio/v4/developer/toolchains/gnu_arm/7.2_2017q4/bin/../lib/gcc/arm-none-eabi/7.2.1/thumb/v7e-m/fpv4-sp/softfp/crtn.o
 *(.fini)
 .fini          0x000055c0        0x4 d:/siliconlabs/simplicitystudio/v4/developer/toolchains/gnu_arm/7.2_2017q4/bin/../lib/gcc/arm-none-eabi/7.2.1/thumb/v7e-m/fpv4-sp/softfp/crti.o
                0x000055c0                _fini
 .fini          0x000055c4        0x8 d:/siliconlabs/simplicitystudio/v4/developer/toolchains/gnu_arm/7.2_2017q4/bin/../lib/gcc/arm-none-eabi/7.2.1/thumb/v7e-m/fpv4-sp/softfp/crtn.o
 *crtbegin.o(.ctors)
 *crtbegin?.o(.ctors)
 *(EXCLUDE_FILE(*crtend.o *crtend?.o) .ctors)
 *(SORT_BY_NAME(.ctors.*))
 *(.ctors)
 *crtbegin.o(.dtors)
 *crtbegin?.o(.dtors)
 *(EXCLUDE_FILE(*crtend.o *crtend?.o) .dtors)
 *(SORT_BY_NAME(.dtors.*))
 *(.dtors)
 *(.rodata*)
 .rodata.hfrcoCtrlTable
                0x000055cc      0x180 ./src/em_cmu.o
 .rodata.flashWsTable
                0x0000574c       0x38 ./src/em_cmu.o
 .rodata        0x00005784      0x1bc ./src/main.o
 .rodata        0x00005940      0x194 ./src/parameters.o
 .rodata        0x00005ad4      0x1a9 ./src/pocsag.o
 *fill*         0x00005c7d        0x3 
 .rodata        0x00005c80        0x3 ./src/uart0.o
 *fill*         0x00005c83        0x1 
 .rodata        0x00005c84        0x8 ./src/uart1.o
 .rodata        0x00005c8c        0x3 ./src/usart0.o
 *fill*         0x00005c8f        0x1 
 .rodata._global_impure_ptr
                0x00005c90        0x4 d:/siliconlabs/simplicitystudio/v4/developer/toolchains/gnu_arm/7.2_2017q4/bin/../lib/gcc/arm-none-eabi/7.2.1/../../../../arm-none-eabi/lib/thumb/v7e-m/fpv4-sp/softfp\libc_nano.a(lib_a-impure.o)
                0x00005c90                _global_impure_ptr
 .rodata._svfprintf_r.str1.1
                0x00005c94       0x11 d:/siliconlabs/simplicitystudio/v4/developer/toolchains/gnu_arm/7.2_2017q4/bin/../lib/gcc/arm-none-eabi/7.2.1/../../../../arm-none-eabi/lib/thumb/v7e-m/fpv4-sp/softfp\libc_nano.a(lib_a-nano-svfprintf.o)
 .rodata._printf_i.str1.1
                0x00005ca5       0x22 d:/siliconlabs/simplicitystudio/v4/developer/toolchains/gnu_arm/7.2_2017q4/bin/../lib/gcc/arm-none-eabi/7.2.1/../../../../arm-none-eabi/lib/thumb/v7e-m/fpv4-sp/softfp\libc_nano.a(lib_a-nano-vfprintf_i.o)
 *(.eh_frame*)
 *fill*         0x00005cc7        0x1 
 .eh_frame      0x00005cc8        0x0 d:/siliconlabs/simplicitystudio/v4/developer/toolchains/gnu_arm/7.2_2017q4/bin/../lib/gcc/arm-none-eabi/7.2.1/thumb/v7e-m/fpv4-sp/softfp/crtbegin.o
 .eh_frame      0x00005cc8        0x4 d:/siliconlabs/simplicitystudio/v4/developer/toolchains/gnu_arm/7.2_2017q4/bin/../lib/gcc/arm-none-eabi/7.2.1/thumb/v7e-m/fpv4-sp/softfp/crtend.o

.glue_7         0x00005ccc        0x0
 .glue_7        0x00005ccc        0x0 linker stubs

.glue_7t        0x00005ccc        0x0
 .glue_7t       0x00005ccc        0x0 linker stubs

.vfp11_veneer   0x00005ccc        0x0
 .vfp11_veneer  0x00005ccc        0x0 linker stubs

.v4_bx          0x00005ccc        0x0
 .v4_bx         0x00005ccc        0x0 linker stubs

.iplt           0x00005ccc        0x0
 .iplt          0x00005ccc        0x0 d:/siliconlabs/simplicitystudio/v4/developer/toolchains/gnu_arm/7.2_2017q4/bin/../lib/gcc/arm-none-eabi/7.2.1/thumb/v7e-m/fpv4-sp/softfp/crtbegin.o

.ARM.extab
 *(.ARM.extab* .gnu.linkonce.armextab.*)
                0x00005ccc                __exidx_start = .

.ARM.exidx      0x00005ccc        0x8
 *(.ARM.exidx* .gnu.linkonce.armexidx.*)
 .ARM.exidx     0x00005ccc        0x8 d:/siliconlabs/simplicitystudio/v4/developer/toolchains/gnu_arm/7.2_2017q4/bin/../lib/gcc/arm-none-eabi/7.2.1/../../../../arm-none-eabi/lib/thumb/v7e-m/fpv4-sp/softfp/crt0.o
                0x00005cd4                __exidx_end = .
                0x00005cd4                __etext = .

.rel.dyn        0x00005cd4        0x0
 .rel.iplt      0x00005cd4        0x0 d:/siliconlabs/simplicitystudio/v4/developer/toolchains/gnu_arm/7.2_2017q4/bin/../lib/gcc/arm-none-eabi/7.2.1/thumb/v7e-m/fpv4-sp/softfp/crtbegin.o

.data           0x20000000       0x7c load address 0x00005cd4
                0x20000000                __data_start__ = .
 *(vtable)
 *(.data*)
 .data.SystemHFXOClock
                0x20000000        0x4 ./CMSIS/EFM32GG11B/system_efm32gg11b.o
 .data.SystemLFXOClock
                0x20000004        0x4 ./CMSIS/EFM32GG11B/system_efm32gg11b.o
 .data.SystemCoreClock
                0x20000008        0x4 ./CMSIS/EFM32GG11B/system_efm32gg11b.o
                0x20000008                SystemCoreClock
 .data.SystemHfrcoFreq
                0x2000000c        0x4 ./CMSIS/EFM32GG11B/system_efm32gg11b.o
                0x2000000c                SystemHfrcoFreq
 .data._impure_ptr
                0x20000010        0x4 d:/siliconlabs/simplicitystudio/v4/developer/toolchains/gnu_arm/7.2_2017q4/bin/../lib/gcc/arm-none-eabi/7.2.1/../../../../arm-none-eabi/lib/thumb/v7e-m/fpv4-sp/softfp\libc_nano.a(lib_a-impure.o)
                0x20000010                _impure_ptr
 .data.impure_data
                0x20000014       0x60 d:/siliconlabs/simplicitystudio/v4/developer/toolchains/gnu_arm/7.2_2017q4/bin/../lib/gcc/arm-none-eabi/7.2.1/../../../../arm-none-eabi/lib/thumb/v7e-m/fpv4-sp/softfp\libc_nano.a(lib_a-impure.o)
                0x20000074                . = ALIGN (0x4)
                [!provide]                PROVIDE (__ram_func_section_start, .)
 *(.ram)
                [!provide]                PROVIDE (__ram_func_section_end, .)
                0x20000074                . = ALIGN (0x4)
                0x20000074                PROVIDE (__preinit_array_start, .)
 *(.preinit_array)
                0x20000074                PROVIDE (__preinit_array_end, .)
                0x20000074                . = ALIGN (0x4)
                0x20000074                PROVIDE (__init_array_start, .)
 *(SORT_BY_NAME(.init_array.*))
 *(.init_array)
 .init_array    0x20000074        0x4 d:/siliconlabs/simplicitystudio/v4/developer/toolchains/gnu_arm/7.2_2017q4/bin/../lib/gcc/arm-none-eabi/7.2.1/thumb/v7e-m/fpv4-sp/softfp/crtbegin.o
                0x20000078                PROVIDE (__init_array_end, .)
                0x20000078                . = ALIGN (0x4)
                [!provide]                PROVIDE (__fini_array_start, .)
 *(SORT_BY_NAME(.fini_array.*))
 *(.fini_array)
 .fini_array    0x20000078        0x4 d:/siliconlabs/simplicitystudio/v4/developer/toolchains/gnu_arm/7.2_2017q4/bin/../lib/gcc/arm-none-eabi/7.2.1/thumb/v7e-m/fpv4-sp/softfp/crtbegin.o
                [!provide]                PROVIDE (__fini_array_end, .)
 *(.jcr*)
                0x2000007c                . = ALIGN (0x4)
                0x2000007c                __data_end__ = .

.igot.plt       0x2000007c        0x0 load address 0x00005d50
 .igot.plt      0x2000007c        0x0 d:/siliconlabs/simplicitystudio/v4/developer/toolchains/gnu_arm/7.2_2017q4/bin/../lib/gcc/arm-none-eabi/7.2.1/thumb/v7e-m/fpv4-sp/softfp/crtbegin.o

.bss            0x2000007c      0x8c4 load address 0x00005d50
                0x2000007c                . = ALIGN (0x4)
                0x2000007c                __bss_start__ = .
 *(.bss*)
 .bss           0x2000007c       0x1c d:/siliconlabs/simplicitystudio/v4/developer/toolchains/gnu_arm/7.2_2017q4/bin/../lib/gcc/arm-none-eabi/7.2.1/thumb/v7e-m/fpv4-sp/softfp/crtbegin.o
 .bss.vScaleEM01Config
                0x20000098        0x1 ./src/em_emu.o
 .bss.rx_state  0x20000099        0x1 ./src/pocsag.o
 *fill*         0x2000009a        0x2 
 .bss.shiftReg  0x2000009c        0x4 ./src/pocsag.o
 .bss.bitCounter
                0x200000a0        0x2 ./src/pocsag.o
 *fill*         0x200000a2        0x2 
 .bss.bitBuffer
                0x200000a4        0x4 ./src/pocsag.o
 .bss.bitsInBuffer
                0x200000a8        0x1 ./src/pocsag.o
 .bss.tx_state  0x200000a9        0x1 ./src/pocsag.o
 .bss.number_of_tx
                0x200000aa        0x2 ./src/pocsag.o
 .bss.number_of_words
                0x200000ac        0x2 ./src/pocsag.o
 .bss.wordsInBatch.8921
                0x200000ae        0x1 ./src/pocsag.o
 .bss.timer0_count
                0x200000af        0x1 ./src/timer0.o
 .bss.rxIndex2  0x200000b0        0x2 ./src/uart0.o
                0x200000b0                rxIndex2
 .bss.rxIndex3  0x200000b2        0x2 ./src/uart1.o
                0x200000b2                rxIndex3
 .bss.rxIndex1  0x200000b4        0x2 ./src/usart0.o
                0x200000b4                rxIndex1
 *fill*         0x200000b6        0x2 
 .bss.__malloc_free_list
                0x200000b8        0x4 d:/siliconlabs/simplicitystudio/v4/developer/toolchains/gnu_arm/7.2_2017q4/bin/../lib/gcc/arm-none-eabi/7.2.1/../../../../arm-none-eabi/lib/thumb/v7e-m/fpv4-sp/softfp\libc_nano.a(lib_a-nano-mallocr.o)
                0x200000b8                __malloc_free_list
 .bss.__malloc_sbrk_start
                0x200000bc        0x4 d:/siliconlabs/simplicitystudio/v4/developer/toolchains/gnu_arm/7.2_2017q4/bin/../lib/gcc/arm-none-eabi/7.2.1/../../../../arm-none-eabi/lib/thumb/v7e-m/fpv4-sp/softfp\libc_nano.a(lib_a-nano-mallocr.o)
                0x200000bc                __malloc_sbrk_start
 .bss.heap_end.5377
                0x200000c0        0x4 d:/siliconlabs/simplicitystudio/v4/developer/toolchains/gnu_arm/7.2_2017q4/bin/../lib/gcc/arm-none-eabi/7.2.1/../../../../arm-none-eabi/lib/thumb/v7e-m/fpv4-sp/softfp\libnosys.a(sbrk.o)
 *(COMMON)
 COMMON         0x200000c4       0x52 ./src/parameters.o
                0x200000c4                param
 *fill*         0x20000116        0x2 
 COMMON         0x20000118      0x518 ./src/pocsag.o
                0x20000118                tx_token
                0x200003a4                rx_token
 COMMON         0x20000630        0x5 ./src/timer0.o
                0x20000630                SecondCounter
                0x20000634                IsSecond
 *fill*         0x20000635        0x3 
 COMMON         0x20000638      0x100 ./src/uart0.o
                0x20000638                rxBuffer2
 COMMON         0x20000738      0x101 ./src/uart1.o
                0x20000738                rxBuffer3
                0x20000838                tci_cmd
 *fill*         0x20000839        0x3 
 COMMON         0x2000083c      0x100 ./src/usart0.o
                0x2000083c                rxBuffer1
 COMMON         0x2000093c        0x4 d:/siliconlabs/simplicitystudio/v4/developer/toolchains/gnu_arm/7.2_2017q4/bin/../lib/gcc/arm-none-eabi/7.2.1/../../../../arm-none-eabi/lib/thumb/v7e-m/fpv4-sp/softfp\libc_nano.a(lib_a-reent.o)
                0x2000093c                errno
                0x20000940                . = ALIGN (0x4)
                0x20000940                __bss_end__ = .

.heap           0x20000940      0xc00
                0x20000940                __HeapBase = .
                0x20000940                __end__ = .
                0x20000940                end = __end__
                0x20000940                _end = __end__
 *(.heap*)
 .heap          0x20000940      0xc00 ./CMSIS/EFM32GG11B/startup_efm32gg11b.o
                0x20001540                __HeapLimit = .

.stack_dummy    0x20000940      0x400
 *(.stack*)
 .stack         0x20000940      0x400 ./CMSIS/EFM32GG11B/startup_efm32gg11b.o
                0x20080000                __StackTop = (ORIGIN (RAM) + LENGTH (RAM))
                0x2007fc00                __StackLimit = (__StackTop - SIZEOF (.stack_dummy))
                0x20080000                PROVIDE (__stack, __StackTop)
                0x00000001                ASSERT ((__StackLimit >= __HeapLimit), region RAM overflowed with stack)
                0x00000001                ASSERT ((LENGTH (FLASH) >= (__etext + SIZEOF (.data))), FLASH memory overflowed !)
OUTPUT(3xUART_on_QFP64.axf elf32-littlearm)

.ARM.attributes
                0x00000000       0x2e
 .ARM.attributes
                0x00000000       0x22 d:/siliconlabs/simplicitystudio/v4/developer/toolchains/gnu_arm/7.2_2017q4/bin/../lib/gcc/arm-none-eabi/7.2.1/thumb/v7e-m/fpv4-sp/softfp/crti.o
 .ARM.attributes
                0x00000022       0x32 d:/siliconlabs/simplicitystudio/v4/developer/toolchains/gnu_arm/7.2_2017q4/bin/../lib/gcc/arm-none-eabi/7.2.1/thumb/v7e-m/fpv4-sp/softfp/crtbegin.o
 .ARM.attributes
                0x00000054       0x20 d:/siliconlabs/simplicitystudio/v4/developer/toolchains/gnu_arm/7.2_2017q4/bin/../lib/gcc/arm-none-eabi/7.2.1/../../../../arm-none-eabi/lib/thumb/v7e-m/fpv4-sp/softfp/crt0.o
 .ARM.attributes
                0x00000074       0x37 ./src/em_cmu.o
 .ARM.attributes
                0x000000ab       0x37 ./src/em_gpio.o
 .ARM.attributes
                0x000000e2       0x37 ./src/em_usart.o
 .ARM.attributes
                0x00000119       0x37 ./src/main.o
 .ARM.attributes
                0x00000150       0x1f ./CMSIS/EFM32GG11B/startup_efm32gg11b.o
 .ARM.attributes
                0x0000016f       0x37 ./CMSIS/EFM32GG11B/system_efm32gg11b.o
 .ARM.attributes
                0x000001a6       0x37 ./src/em_emu.o
 .ARM.attributes
                0x000001dd       0x37 ./src/inputs.o
 .ARM.attributes
                0x00000214       0x37 ./src/led.o
 .ARM.attributes
                0x0000024b       0x37 ./src/parameters.o
 .ARM.attributes
                0x00000282       0x37 ./src/pocsag.o
 .ARM.attributes
                0x000002b9       0x37 ./src/timer0.o
 .ARM.attributes
                0x000002f0       0x37 ./src/timer1.o
 .ARM.attributes
                0x00000327       0x37 ./src/uart0.o
 .ARM.attributes
                0x0000035e       0x37 ./src/uart1.o
 .ARM.attributes
                0x00000395       0x37 ./src/usart0.o
 .ARM.attributes
                0x000003cc       0x32 d:/siliconlabs/simplicitystudio/v4/developer/toolchains/gnu_arm/7.2_2017q4/bin/../lib/gcc/arm-none-eabi/7.2.1/../../../../arm-none-eabi/lib/thumb/v7e-m/fpv4-sp/softfp\libc_nano.a(lib_a-exit.o)
 .ARM.attributes
                0x000003fe       0x32 d:/siliconlabs/simplicitystudio/v4/developer/toolchains/gnu_arm/7.2_2017q4/bin/../lib/gcc/arm-none-eabi/7.2.1/../../../../arm-none-eabi/lib/thumb/v7e-m/fpv4-sp/softfp\libc_nano.a(lib_a-impure.o)
 .ARM.attributes
                0x00000430       0x32 d:/siliconlabs/simplicitystudio/v4/developer/toolchains/gnu_arm/7.2_2017q4/bin/../lib/gcc/arm-none-eabi/7.2.1/../../../../arm-none-eabi/lib/thumb/v7e-m/fpv4-sp/softfp\libc_nano.a(lib_a-init.o)
 .ARM.attributes
                0x00000462       0x32 d:/siliconlabs/simplicitystudio/v4/developer/toolchains/gnu_arm/7.2_2017q4/bin/../lib/gcc/arm-none-eabi/7.2.1/../../../../arm-none-eabi/lib/thumb/v7e-m/fpv4-sp/softfp\libc_nano.a(lib_a-memcpy-stub.o)
 .ARM.attributes
                0x00000494       0x32 d:/siliconlabs/simplicitystudio/v4/developer/toolchains/gnu_arm/7.2_2017q4/bin/../lib/gcc/arm-none-eabi/7.2.1/../../../../arm-none-eabi/lib/thumb/v7e-m/fpv4-sp/softfp\libc_nano.a(lib_a-memset.o)
 .ARM.attributes
                0x000004c6       0x32 d:/siliconlabs/simplicitystudio/v4/developer/toolchains/gnu_arm/7.2_2017q4/bin/../lib/gcc/arm-none-eabi/7.2.1/../../../../arm-none-eabi/lib/thumb/v7e-m/fpv4-sp/softfp\libc_nano.a(lib_a-sprintf.o)
 .ARM.attributes
                0x000004f8       0x1b d:/siliconlabs/simplicitystudio/v4/developer/toolchains/gnu_arm/7.2_2017q4/bin/../lib/gcc/arm-none-eabi/7.2.1/../../../../arm-none-eabi/lib/thumb/v7e-m/fpv4-sp/softfp\libc_nano.a(lib_a-strlen.o)
 .ARM.attributes
                0x00000513       0x32 d:/siliconlabs/simplicitystudio/v4/developer/toolchains/gnu_arm/7.2_2017q4/bin/../lib/gcc/arm-none-eabi/7.2.1/../../../../arm-none-eabi/lib/thumb/v7e-m/fpv4-sp/softfp\libc_nano.a(lib_a-nano-svfprintf.o)
 .ARM.attributes
                0x00000545       0x32 d:/siliconlabs/simplicitystudio/v4/developer/toolchains/gnu_arm/7.2_2017q4/bin/../lib/gcc/arm-none-eabi/7.2.1/../../../../arm-none-eabi/lib/thumb/v7e-m/fpv4-sp/softfp\libc_nano.a(lib_a-nano-vfprintf_i.o)
 .ARM.attributes
                0x00000577       0x20 d:/siliconlabs/simplicitystudio/v4/developer/toolchains/gnu_arm/7.2_2017q4/bin/../lib/gcc/arm-none-eabi/7.2.1/../../../../arm-none-eabi/lib/thumb/v7e-m/fpv4-sp/softfp\libc_nano.a(lib_a-memchr.o)
 .ARM.attributes
                0x00000597       0x32 d:/siliconlabs/simplicitystudio/v4/developer/toolchains/gnu_arm/7.2_2017q4/bin/../lib/gcc/arm-none-eabi/7.2.1/../../../../arm-none-eabi/lib/thumb/v7e-m/fpv4-sp/softfp\libc_nano.a(lib_a-memmove.o)
 .ARM.attributes
                0x000005c9       0x32 d:/siliconlabs/simplicitystudio/v4/developer/toolchains/gnu_arm/7.2_2017q4/bin/../lib/gcc/arm-none-eabi/7.2.1/../../../../arm-none-eabi/lib/thumb/v7e-m/fpv4-sp/softfp\libc_nano.a(lib_a-nano-freer.o)
 .ARM.attributes
                0x000005fb       0x32 d:/siliconlabs/simplicitystudio/v4/developer/toolchains/gnu_arm/7.2_2017q4/bin/../lib/gcc/arm-none-eabi/7.2.1/../../../../arm-none-eabi/lib/thumb/v7e-m/fpv4-sp/softfp\libc_nano.a(lib_a-nano-mallocr.o)
 .ARM.attributes
                0x0000062d       0x32 d:/siliconlabs/simplicitystudio/v4/developer/toolchains/gnu_arm/7.2_2017q4/bin/../lib/gcc/arm-none-eabi/7.2.1/../../../../arm-none-eabi/lib/thumb/v7e-m/fpv4-sp/softfp\libc_nano.a(lib_a-nano-reallocr.o)
 .ARM.attributes
                0x0000065f       0x32 d:/siliconlabs/simplicitystudio/v4/developer/toolchains/gnu_arm/7.2_2017q4/bin/../lib/gcc/arm-none-eabi/7.2.1/../../../../arm-none-eabi/lib/thumb/v7e-m/fpv4-sp/softfp\libc_nano.a(lib_a-sbrkr.o)
 .ARM.attributes
                0x00000691       0x32 d:/siliconlabs/simplicitystudio/v4/developer/toolchains/gnu_arm/7.2_2017q4/bin/../lib/gcc/arm-none-eabi/7.2.1/../../../../arm-none-eabi/lib/thumb/v7e-m/fpv4-sp/softfp\libc_nano.a(lib_a-mlock.o)
 .ARM.attributes
                0x000006c3       0x32 d:/siliconlabs/simplicitystudio/v4/developer/toolchains/gnu_arm/7.2_2017q4/bin/../lib/gcc/arm-none-eabi/7.2.1/../../../../arm-none-eabi/lib/thumb/v7e-m/fpv4-sp/softfp\libc_nano.a(lib_a-nano-msizer.o)
 .ARM.attributes
                0x000006f5       0x32 d:/siliconlabs/simplicitystudio/v4/developer/toolchains/gnu_arm/7.2_2017q4/bin/../lib/gcc/arm-none-eabi/7.2.1/../../../../arm-none-eabi/lib/thumb/v7e-m/fpv4-sp/softfp\libc_nano.a(lib_a-reent.o)
 .ARM.attributes
                0x00000727       0x32 d:/siliconlabs/simplicitystudio/v4/developer/toolchains/gnu_arm/7.2_2017q4/bin/../lib/gcc/arm-none-eabi/7.2.1/../../../../arm-none-eabi/lib/thumb/v7e-m/fpv4-sp/softfp\libnosys.a(sbrk.o)
 .ARM.attributes
                0x00000759       0x32 d:/siliconlabs/simplicitystudio/v4/developer/toolchains/gnu_arm/7.2_2017q4/bin/../lib/gcc/arm-none-eabi/7.2.1/../../../../arm-none-eabi/lib/thumb/v7e-m/fpv4-sp/softfp\libnosys.a(_exit.o)
 .ARM.attributes
                0x0000078b       0x32 d:/siliconlabs/simplicitystudio/v4/developer/toolchains/gnu_arm/7.2_2017q4/bin/../lib/gcc/arm-none-eabi/7.2.1/thumb/v7e-m/fpv4-sp/softfp/crtend.o
 .ARM.attributes
                0x000007bd       0x22 d:/siliconlabs/simplicitystudio/v4/developer/toolchains/gnu_arm/7.2_2017q4/bin/../lib/gcc/arm-none-eabi/7.2.1/thumb/v7e-m/fpv4-sp/softfp/crtn.o

.comment        0x00000000       0x7e
 .comment       0x00000000       0x7e ./src/em_cmu.o
                                 0x7f (size before relaxing)
 .comment       0x0000007e       0x7f ./src/em_gpio.o
 .comment       0x0000007e       0x7f ./src/em_usart.o
 .comment       0x0000007e       0x7f ./src/main.o
 .comment       0x0000007e       0x7f ./CMSIS/EFM32GG11B/system_efm32gg11b.o
 .comment       0x0000007e       0x7f ./src/em_emu.o
 .comment       0x0000007e       0x7f ./src/inputs.o
 .comment       0x0000007e       0x7f ./src/led.o
 .comment       0x0000007e       0x7f ./src/parameters.o
 .comment       0x0000007e       0x7f ./src/pocsag.o
 .comment       0x0000007e       0x7f ./src/timer0.o
 .comment       0x0000007e       0x7f ./src/timer1.o
 .comment       0x0000007e       0x7f ./src/uart0.o
 .comment       0x0000007e       0x7f ./src/uart1.o
 .comment       0x0000007e       0x7f ./src/usart0.o

.debug_info     0x00000000    0x113ce
 .debug_info    0x00000000     0x2b25 ./src/em_cmu.o
 .debug_info    0x00002b25      0xb7b ./src/em_gpio.o
 .debug_info    0x000036a0     0x11ab ./src/em_usart.o
 .debug_info    0x0000484b     0x1f06 ./src/main.o
 .debug_info    0x00006751       0x26 ./CMSIS/EFM32GG11B/startup_efm32gg11b.o
 .debug_info    0x00006777      0x9c4 ./CMSIS/EFM32GG11B/system_efm32gg11b.o
 .debug_info    0x0000713b     0x3079 ./src/em_emu.o
 .debug_info    0x0000a1b4      0xb58 ./src/inputs.o
 .debug_info    0x0000ad0c      0x9d9 ./src/led.o
 .debug_info    0x0000b6e5      0xb60 ./src/parameters.o
 .debug_info    0x0000c245     0x186d ./src/pocsag.o
 .debug_info    0x0000dab2      0xa8a ./src/timer0.o
 .debug_info    0x0000e53c      0xb4a ./src/timer1.o
 .debug_info    0x0000f086      0xb95 ./src/uart0.o
 .debug_info    0x0000fc1b      0xbd7 ./src/uart1.o
 .debug_info    0x000107f2      0xbdc ./src/usart0.o

.debug_abbrev   0x00000000     0x2398
 .debug_abbrev  0x00000000      0x356 ./src/em_cmu.o
 .debug_abbrev  0x00000356      0x24d ./src/em_gpio.o
 .debug_abbrev  0x000005a3      0x239 ./src/em_usart.o
 .debug_abbrev  0x000007dc      0x32c ./src/main.o
 .debug_abbrev  0x00000b08       0x14 ./CMSIS/EFM32GG11B/startup_efm32gg11b.o
 .debug_abbrev  0x00000b1c      0x1ed ./CMSIS/EFM32GG11B/system_efm32gg11b.o
 .debug_abbrev  0x00000d09      0x35b ./src/em_emu.o
 .debug_abbrev  0x00001064      0x23c ./src/inputs.o
 .debug_abbrev  0x000012a0      0x1ce ./src/led.o
 .debug_abbrev  0x0000146e      0x1d0 ./src/parameters.o
 .debug_abbrev  0x0000163e      0x360 ./src/pocsag.o
 .debug_abbrev  0x0000199e      0x1f9 ./src/timer0.o
 .debug_abbrev  0x00001b97      0x1d2 ./src/timer1.o
 .debug_abbrev  0x00001d69      0x202 ./src/uart0.o
 .debug_abbrev  0x00001f6b      0x202 ./src/uart1.o
 .debug_abbrev  0x0000216d      0x22b ./src/usart0.o

.debug_loc      0x00000000     0x5646
 .debug_loc     0x00000000     0x1400 ./src/em_cmu.o
 .debug_loc     0x00001400      0x4b4 ./src/em_gpio.o
 .debug_loc     0x000018b4      0x7da ./src/em_usart.o
 .debug_loc     0x0000208e      0x456 ./src/main.o
 .debug_loc     0x000024e4      0x2e4 ./CMSIS/EFM32GG11B/system_efm32gg11b.o
 .debug_loc     0x000027c8     0x1506 ./src/em_emu.o
 .debug_loc     0x00003cce      0x1b8 ./src/inputs.o
 .debug_loc     0x00003e86      0x4f8 ./src/led.o
 .debug_loc     0x0000437e       0xae ./src/parameters.o
 .debug_loc     0x0000442c      0x71a ./src/pocsag.o
 .debug_loc     0x00004b46      0x1dc ./src/timer0.o
 .debug_loc     0x00004d22      0x1c4 ./src/timer1.o
 .debug_loc     0x00004ee6      0x23c ./src/uart0.o
 .debug_loc     0x00005122      0x28c ./src/uart1.o
 .debug_loc     0x000053ae      0x298 ./src/usart0.o

.debug_aranges  0x00000000      0xa78
 .debug_aranges
                0x00000000      0x218 ./src/em_cmu.o
 .debug_aranges
                0x00000218       0x88 ./src/em_gpio.o
 .debug_aranges
                0x000002a0       0xd0 ./src/em_usart.o
 .debug_aranges
                0x00000370       0x88 ./src/main.o
 .debug_aranges
                0x000003f8       0x20 ./CMSIS/EFM32GG11B/startup_efm32gg11b.o
 .debug_aranges
                0x00000418       0x68 ./CMSIS/EFM32GG11B/system_efm32gg11b.o
 .debug_aranges
                0x00000480      0x238 ./src/em_emu.o
 .debug_aranges
                0x000006b8       0x50 ./src/inputs.o
 .debug_aranges
                0x00000708       0xd8 ./src/led.o
 .debug_aranges
                0x000007e0       0x28 ./src/parameters.o
 .debug_aranges
                0x00000808       0xd0 ./src/pocsag.o
 .debug_aranges
                0x000008d8       0x50 ./src/timer0.o
 .debug_aranges
                0x00000928       0x50 ./src/timer1.o
 .debug_aranges
                0x00000978       0x50 ./src/uart0.o
 .debug_aranges
                0x000009c8       0x58 ./src/uart1.o
 .debug_aranges
                0x00000a20       0x58 ./src/usart0.o

.debug_ranges   0x00000000      0x968
 .debug_ranges  0x00000000      0x208 ./src/em_cmu.o
 .debug_ranges  0x00000208       0x78 ./src/em_gpio.o
 .debug_ranges  0x00000280       0xc0 ./src/em_usart.o
 .debug_ranges  0x00000340       0x78 ./src/main.o
 .debug_ranges  0x000003b8       0x58 ./CMSIS/EFM32GG11B/system_efm32gg11b.o
 .debug_ranges  0x00000410      0x228 ./src/em_emu.o
 .debug_ranges  0x00000638       0x40 ./src/inputs.o
 .debug_ranges  0x00000678       0xc8 ./src/led.o
 .debug_ranges  0x00000740       0x18 ./src/parameters.o
 .debug_ranges  0x00000758       0xc0 ./src/pocsag.o
 .debug_ranges  0x00000818       0x40 ./src/timer0.o
 .debug_ranges  0x00000858       0x40 ./src/timer1.o
 .debug_ranges  0x00000898       0x40 ./src/uart0.o
 .debug_ranges  0x000008d8       0x48 ./src/uart1.o
 .debug_ranges  0x00000920       0x48 ./src/usart0.o

.debug_macro    0x00000000    0x4c7ae
 .debug_macro   0x00000000      0x419 ./src/em_cmu.o
 .debug_macro   0x00000419      0xa48 ./src/em_cmu.o
 .debug_macro   0x00000e61      0x5c8 ./src/em_cmu.o
 .debug_macro   0x00001429       0x22 ./src/em_cmu.o
 .debug_macro   0x0000144b       0x4f ./src/em_cmu.o
 .debug_macro   0x0000149a       0x51 ./src/em_cmu.o
 .debug_macro   0x000014eb       0xef ./src/em_cmu.o
 .debug_macro   0x000015da       0x6a ./src/em_cmu.o
 .debug_macro   0x00001644      0x1df ./src/em_cmu.o
 .debug_macro   0x00001823       0x1c ./src/em_cmu.o
 .debug_macro   0x0000183f       0x22 ./src/em_cmu.o
 .debug_macro   0x00001861       0xdf ./src/em_cmu.o
 .debug_macro   0x00001940      0xff5 ./src/em_cmu.o
 .debug_macro   0x00002935       0xe2 ./src/em_cmu.o
 .debug_macro   0x00002a17     0x12b5 ./src/em_cmu.o
 .debug_macro   0x00003ccc     0x3006 ./src/em_cmu.o
 .debug_macro   0x00006cd2      0x34c ./src/em_cmu.o
 .debug_macro   0x0000701e     0x4214 ./src/em_cmu.o
 .debug_macro   0x0000b232     0x1b58 ./src/em_cmu.o
 .debug_macro   0x0000cd8a     0x3243 ./src/em_cmu.o
 .debug_macro   0x0000ffcd     0x2922 ./src/em_cmu.o
 .debug_macro   0x000128ef     0x3445 ./src/em_cmu.o
 .debug_macro   0x00015d34     0x2f71 ./src/em_cmu.o
 .debug_macro   0x00018ca5     0x269d ./src/em_cmu.o
 .debug_macro   0x0001b342     0x27d9 ./src/em_cmu.o
 .debug_macro   0x0001db1b     0x1181 ./src/em_cmu.o
 .debug_macro   0x0001ec9c      0x344 ./src/em_cmu.o
 .debug_macro   0x0001efe0      0x29d ./src/em_cmu.o
 .debug_macro   0x0001f27d      0xda8 ./src/em_cmu.o
 .debug_macro   0x00020025     0x2078 ./src/em_cmu.o
 .debug_macro   0x0002209d     0x2c38 ./src/em_cmu.o
 .debug_macro   0x00024cd5     0x1850 ./src/em_cmu.o
 .debug_macro   0x00026525     0x113b ./src/em_cmu.o
 .debug_macro   0x00027660      0xd3a ./src/em_cmu.o
 .debug_macro   0x0002839a      0x249 ./src/em_cmu.o
 .debug_macro   0x000285e3      0xf9a ./src/em_cmu.o
 .debug_macro   0x0002957d     0x1365 ./src/em_cmu.o
 .debug_macro   0x0002a8e2     0x3e07 ./src/em_cmu.o
 .debug_macro   0x0002e6e9     0x22ba ./src/em_cmu.o
 .debug_macro   0x000309a3     0x2b5d ./src/em_cmu.o
 .debug_macro   0x00033500     0x4a80 ./src/em_cmu.o
 .debug_macro   0x00037f80      0x7b4 ./src/em_cmu.o
 .debug_macro   0x00038734     0x17a8 ./src/em_cmu.o
 .debug_macro   0x00039edc      0xca4 ./src/em_cmu.o
 .debug_macro   0x0003ab80      0x1ea ./src/em_cmu.o
 .debug_macro   0x0003ad6a     0x109d ./src/em_cmu.o
 .debug_macro   0x0003be07      0x76b ./src/em_cmu.o
 .debug_macro   0x0003c572     0x1021 ./src/em_cmu.o
 .debug_macro   0x0003d593      0xd60 ./src/em_cmu.o
 .debug_macro   0x0003e2f3      0x4ff ./src/em_cmu.o
 .debug_macro   0x0003e7f2     0x26df ./src/em_cmu.o
 .debug_macro   0x00040ed1       0x40 ./src/em_cmu.o
 .debug_macro   0x00040f11      0x433 ./src/em_cmu.o
 .debug_macro   0x00041344      0x556 ./src/em_cmu.o
 .debug_macro   0x0004189a      0x2bd ./src/em_cmu.o
 .debug_macro   0x00041b57     0x20a3 ./src/em_cmu.o
 .debug_macro   0x00043bfa     0x2c10 ./src/em_cmu.o
 .debug_macro   0x0004680a       0x35 ./src/em_cmu.o
 .debug_macro   0x0004683f      0x915 ./src/em_cmu.o
 .debug_macro   0x00047154      0x915 ./src/em_cmu.o
 .debug_macro   0x00047a69       0x22 ./src/em_cmu.o
 .debug_macro   0x00047a8b       0x10 ./src/em_cmu.o
 .debug_macro   0x00047a9b       0xe4 ./src/em_cmu.o
 .debug_macro   0x00047b7f       0x69 ./src/em_cmu.o
 .debug_macro   0x00047be8      0x36f ./src/em_cmu.o
 .debug_macro   0x00047f57      0x16d ./src/em_cmu.o
 .debug_macro   0x000480c4       0x58 ./src/em_cmu.o
 .debug_macro   0x0004811c      0x34d ./src/em_cmu.o
 .debug_macro   0x00048469       0x25 ./src/em_cmu.o
 .debug_macro   0x0004848e       0xee ./src/em_cmu.o
 .debug_macro   0x0004857c       0x8e ./src/em_cmu.o
 .debug_macro   0x0004860a      0x30e ./src/em_gpio.o
 .debug_macro   0x00048918      0x358 ./src/em_usart.o
 .debug_macro   0x00048c70       0xeb ./src/em_usart.o
 .debug_macro   0x00048d5b      0x490 ./src/main.o
 .debug_macro   0x000491eb       0x52 ./src/main.o
 .debug_macro   0x0004923d       0x17 ./src/main.o
 .debug_macro   0x00049254       0x55 ./src/main.o
 .debug_macro   0x000492a9       0x35 ./src/main.o
 .debug_macro   0x000492de       0x9c ./src/main.o
 .debug_macro   0x0004937a       0x16 ./src/main.o
 .debug_macro   0x00049390       0x57 ./src/main.o
 .debug_macro   0x000493e7       0x97 ./src/main.o
 .debug_macro   0x0004947e      0x353 ./src/main.o
 .debug_macro   0x000497d1       0xf6 ./src/main.o
 .debug_macro   0x000498c7       0x10 ./src/main.o
 .debug_macro   0x000498d7       0x58 ./src/main.o
 .debug_macro   0x0004992f       0x1f ./src/main.o
 .debug_macro   0x0004994e       0x43 ./src/main.o
 .debug_macro   0x00049991       0x20 ./src/main.o
 .debug_macro   0x000499b1      0x18e ./src/main.o
 .debug_macro   0x00049b3f       0x10 ./src/main.o
 .debug_macro   0x00049b4f       0xb6 ./src/main.o
 .debug_macro   0x00049c05       0x16 ./src/main.o
 .debug_macro   0x00049c1b      0x129 ./src/main.o
 .debug_macro   0x00049d44       0xd9 ./src/main.o
 .debug_macro   0x00049e1d       0xf1 ./src/main.o
 .debug_macro   0x00049f0e       0xac ./src/main.o
 .debug_macro   0x00049fba       0x16 ./src/main.o
 .debug_macro   0x00049fd0       0x16 ./src/main.o
 .debug_macro   0x00049fe6       0x10 ./src/main.o
 .debug_macro   0x00049ff6       0x22 ./src/main.o
 .debug_macro   0x0004a018      0x2fb ./CMSIS/EFM32GG11B/system_efm32gg11b.o
 .debug_macro   0x0004a313      0x461 ./src/em_emu.o
 .debug_macro   0x0004a774       0x88 ./src/em_emu.o
 .debug_macro   0x0004a7fc       0xba ./src/em_emu.o
 .debug_macro   0x0004a8b6       0x34 ./src/em_emu.o
 .debug_macro   0x0004a8ea      0x33b ./src/inputs.o
 .debug_macro   0x0004ac25       0xa6 ./src/inputs.o
 .debug_macro   0x0004accb      0x33b ./src/led.o
 .debug_macro   0x0004b006      0x16a ./src/parameters.o
 .debug_macro   0x0004b170       0x10 ./src/parameters.o
 .debug_macro   0x0004b180      0x44f ./src/pocsag.o
 .debug_macro   0x0004b5cf       0x16 ./src/pocsag.o
 .debug_macro   0x0004b5e5       0x35 ./src/pocsag.o
 .debug_macro   0x0004b61a       0x79 ./src/pocsag.o
 .debug_macro   0x0004b693      0x344 ./src/timer0.o
 .debug_macro   0x0004b9d7       0x10 ./src/timer0.o
 .debug_macro   0x0004b9e7       0x7f ./src/timer0.o
 .debug_macro   0x0004ba66      0x356 ./src/timer1.o
 .debug_macro   0x0004bdbc      0x354 ./src/uart0.o
 .debug_macro   0x0004c110      0x354 ./src/uart1.o
 .debug_macro   0x0004c464      0x34a ./src/usart0.o

.debug_line     0x00000000     0xbd5c
 .debug_line    0x00000000     0x16c8 ./src/em_cmu.o
 .debug_line    0x000016c8      0xc0b ./src/em_gpio.o
 .debug_line    0x000022d3      0xd9c ./src/em_usart.o
 .debug_line    0x0000306f      0xd27 ./src/main.o
 .debug_line    0x00003d96       0xd9 ./CMSIS/EFM32GG11B/startup_efm32gg11b.o
 .debug_line    0x00003e6f      0xa44 ./CMSIS/EFM32GG11B/system_efm32gg11b.o
 .debug_line    0x000048b3     0x1690 ./src/em_emu.o
 .debug_line    0x00005f43      0xa6d ./src/inputs.o
 .debug_line    0x000069b0      0xc02 ./src/led.o
 .debug_line    0x000075b2      0x3e1 ./src/parameters.o
 .debug_line    0x00007993      0xf69 ./src/pocsag.o
 .debug_line    0x000088fc      0xa64 ./src/timer0.o
 .debug_line    0x00009360      0xa76 ./src/timer1.o
 .debug_line    0x00009dd6      0xa77 ./src/uart0.o
 .debug_line    0x0000a84d      0xa8d ./src/uart1.o
 .debug_line    0x0000b2da      0xa82 ./src/usart0.o

.debug_str      0x00000000   0x1e80b1
 .debug_str     0x00000000   0x1e1b0f ./src/em_cmu.o
                             0x1e2ec8 (size before relaxing)
 .debug_str     0x001e1b0f      0x4c0 ./src/em_gpio.o
                             0x1de47b (size before relaxing)
 .debug_str     0x001e1fcf      0xf18 ./src/em_usart.o
                             0x1e0269 (size before relaxing)
 .debug_str     0x001e2ee7     0x2394 ./src/main.o
                             0x1e3ee6 (size before relaxing)
 .debug_str     0x001e527b       0x9d ./CMSIS/EFM32GG11B/startup_efm32gg11b.o
                                 0xef (size before relaxing)
 .debug_str     0x001e5318      0x275 ./CMSIS/EFM32GG11B/system_efm32gg11b.o
                             0x1dda70 (size before relaxing)
 .debug_str     0x001e558d     0x1dd8 ./src/em_emu.o
                             0x1e3da9 (size before relaxing)
 .debug_str     0x001e7365      0x425 ./src/inputs.o
                             0x1dfc3b (size before relaxing)
 .debug_str     0x001e778a       0xd0 ./src/led.o
                             0x1df8b9 (size before relaxing)
 .debug_str     0x001e785a       0x34 ./src/parameters.o
                               0x73e4 (size before relaxing)
 .debug_str     0x001e788e      0x68a ./src/pocsag.o
                             0x1e1fd4 (size before relaxing)
 .debug_str     0x001e7f18       0x52 ./src/timer0.o
                             0x1dfc1a (size before relaxing)
 .debug_str     0x001e7f6a       0x46 ./src/timer1.o
                             0x1dfe9e (size before relaxing)
 .debug_str     0x001e7fb0       0x5c ./src/uart0.o
                             0x1e01b3 (size before relaxing)
 .debug_str     0x001e800c       0x4b ./src/uart1.o
                             0x1e01c9 (size before relaxing)
 .debug_str     0x001e8057       0x5a ./src/usart0.o
                             0x1e01d4 (size before relaxing)

.debug_frame    0x00000000     0x2cf8
 .debug_frame   0x00000000      0x934 ./src/em_cmu.o
 .debug_frame   0x00000934      0x224 ./src/em_gpio.o
 .debug_frame   0x00000b58      0x388 ./src/em_usart.o
 .debug_frame   0x00000ee0      0x20c ./src/main.o
 .debug_frame   0x000010ec      0x164 ./CMSIS/EFM32GG11B/system_efm32gg11b.o
 .debug_frame   0x00001250      0x9bc ./src/em_emu.o
 .debug_frame   0x00001c0c       0xf4 ./src/inputs.o
 .debug_frame   0x00001d00      0x2e4 ./src/led.o
 .debug_frame   0x00001fe4       0x60 ./src/parameters.o
 .debug_frame   0x00002044      0x360 ./src/pocsag.o
 .debug_frame   0x000023a4       0xfc ./src/timer0.o
 .debug_frame   0x000024a0       0xf8 ./src/timer1.o
 .debug_frame   0x00002598      0x114 ./src/uart0.o
 .debug_frame   0x000026ac      0x138 ./src/uart1.o
 .debug_frame   0x000027e4      0x13c ./src/usart0.o
 .debug_frame   0x00002920       0x28 d:/siliconlabs/simplicitystudio/v4/developer/toolchains/gnu_arm/7.2_2017q4/bin/../lib/gcc/arm-none-eabi/7.2.1/../../../../arm-none-eabi/lib/thumb/v7e-m/fpv4-sp/softfp\libc_nano.a(lib_a-exit.o)
 .debug_frame   0x00002948       0x2c d:/siliconlabs/simplicitystudio/v4/developer/toolchains/gnu_arm/7.2_2017q4/bin/../lib/gcc/arm-none-eabi/7.2.1/../../../../arm-none-eabi/lib/thumb/v7e-m/fpv4-sp/softfp\libc_nano.a(lib_a-init.o)
 .debug_frame   0x00002974       0x28 d:/siliconlabs/simplicitystudio/v4/developer/toolchains/gnu_arm/7.2_2017q4/bin/../lib/gcc/arm-none-eabi/7.2.1/../../../../arm-none-eabi/lib/thumb/v7e-m/fpv4-sp/softfp\libc_nano.a(lib_a-memcpy-stub.o)
 .debug_frame   0x0000299c       0x20 d:/siliconlabs/simplicitystudio/v4/developer/toolchains/gnu_arm/7.2_2017q4/bin/../lib/gcc/arm-none-eabi/7.2.1/../../../../arm-none-eabi/lib/thumb/v7e-m/fpv4-sp/softfp\libc_nano.a(lib_a-memset.o)
 .debug_frame   0x000029bc       0x6c d:/siliconlabs/simplicitystudio/v4/developer/toolchains/gnu_arm/7.2_2017q4/bin/../lib/gcc/arm-none-eabi/7.2.1/../../../../arm-none-eabi/lib/thumb/v7e-m/fpv4-sp/softfp\libc_nano.a(lib_a-sprintf.o)
 .debug_frame   0x00002a28       0x90 d:/siliconlabs/simplicitystudio/v4/developer/toolchains/gnu_arm/7.2_2017q4/bin/../lib/gcc/arm-none-eabi/7.2.1/../../../../arm-none-eabi/lib/thumb/v7e-m/fpv4-sp/softfp\libc_nano.a(lib_a-nano-svfprintf.o)
 .debug_frame   0x00002ab8       0x60 d:/siliconlabs/simplicitystudio/v4/developer/toolchains/gnu_arm/7.2_2017q4/bin/../lib/gcc/arm-none-eabi/7.2.1/../../../../arm-none-eabi/lib/thumb/v7e-m/fpv4-sp/softfp\libc_nano.a(lib_a-nano-vfprintf_i.o)
 .debug_frame   0x00002b18       0x28 d:/siliconlabs/simplicitystudio/v4/developer/toolchains/gnu_arm/7.2_2017q4/bin/../lib/gcc/arm-none-eabi/7.2.1/../../../../arm-none-eabi/lib/thumb/v7e-m/fpv4-sp/softfp\libc_nano.a(lib_a-memmove.o)
 .debug_frame   0x00002b40       0x38 d:/siliconlabs/simplicitystudio/v4/developer/toolchains/gnu_arm/7.2_2017q4/bin/../lib/gcc/arm-none-eabi/7.2.1/../../../../arm-none-eabi/lib/thumb/v7e-m/fpv4-sp/softfp\libc_nano.a(lib_a-nano-freer.o)
 .debug_frame   0x00002b78       0x2c d:/siliconlabs/simplicitystudio/v4/developer/toolchains/gnu_arm/7.2_2017q4/bin/../lib/gcc/arm-none-eabi/7.2.1/../../../../arm-none-eabi/lib/thumb/v7e-m/fpv4-sp/softfp\libc_nano.a(lib_a-nano-mallocr.o)
 .debug_frame   0x00002ba4       0x3c d:/siliconlabs/simplicitystudio/v4/developer/toolchains/gnu_arm/7.2_2017q4/bin/../lib/gcc/arm-none-eabi/7.2.1/../../../../arm-none-eabi/lib/thumb/v7e-m/fpv4-sp/softfp\libc_nano.a(lib_a-nano-reallocr.o)
 .debug_frame   0x00002be0       0x2c d:/siliconlabs/simplicitystudio/v4/developer/toolchains/gnu_arm/7.2_2017q4/bin/../lib/gcc/arm-none-eabi/7.2.1/../../../../arm-none-eabi/lib/thumb/v7e-m/fpv4-sp/softfp\libc_nano.a(lib_a-sbrkr.o)
 .debug_frame   0x00002c0c       0x30 d:/siliconlabs/simplicitystudio/v4/developer/toolchains/gnu_arm/7.2_2017q4/bin/../lib/gcc/arm-none-eabi/7.2.1/../../../../arm-none-eabi/lib/thumb/v7e-m/fpv4-sp/softfp\libc_nano.a(lib_a-mlock.o)
 .debug_frame   0x00002c3c       0x20 d:/siliconlabs/simplicitystudio/v4/developer/toolchains/gnu_arm/7.2_2017q4/bin/../lib/gcc/arm-none-eabi/7.2.1/../../../../arm-none-eabi/lib/thumb/v7e-m/fpv4-sp/softfp\libc_nano.a(lib_a-nano-msizer.o)
 .debug_frame   0x00002c5c       0x5c d:/siliconlabs/simplicitystudio/v4/developer/toolchains/gnu_arm/7.2_2017q4/bin/../lib/gcc/arm-none-eabi/7.2.1/../../../../arm-none-eabi/lib/thumb/v7e-m/fpv4-sp/softfp\libc_nano.a(lib_a-reent.o)
 .debug_frame   0x00002cb8       0x20 d:/siliconlabs/simplicitystudio/v4/developer/toolchains/gnu_arm/7.2_2017q4/bin/../lib/gcc/arm-none-eabi/7.2.1/../../../../arm-none-eabi/lib/thumb/v7e-m/fpv4-sp/softfp\libnosys.a(sbrk.o)
 .debug_frame   0x00002cd8       0x20 d:/siliconlabs/simplicitystudio/v4/developer/toolchains/gnu_arm/7.2_2017q4/bin/../lib/gcc/arm-none-eabi/7.2.1/../../../../arm-none-eabi/lib/thumb/v7e-m/fpv4-sp/softfp\libnosys.a(_exit.o)
