Archive member included to satisfy reference by file (symbol)

d:/siliconlabs/simplicitystudio/v4/developer/toolchains/gnu_arm/7.2_2017q4/bin/../lib/gcc/arm-none-eabi/7.2.1/thumb/v7e-m/fpv4-sp/softfp\libgcc.a(_aeabi_uldivmod.o)
                              ./src/em_usart.o (__aeabi_uldivmod)
d:/siliconlabs/simplicitystudio/v4/developer/toolchains/gnu_arm/7.2_2017q4/bin/../lib/gcc/arm-none-eabi/7.2.1/thumb/v7e-m/fpv4-sp/softfp\libgcc.a(_udivmoddi4.o)
                              d:/siliconlabs/simplicitystudio/v4/developer/toolchains/gnu_arm/7.2_2017q4/bin/../lib/gcc/arm-none-eabi/7.2.1/thumb/v7e-m/fpv4-sp/softfp\libgcc.a(_aeabi_uldivmod.o) (__udivmoddi4)
d:/siliconlabs/simplicitystudio/v4/developer/toolchains/gnu_arm/7.2_2017q4/bin/../lib/gcc/arm-none-eabi/7.2.1/thumb/v7e-m/fpv4-sp/softfp\libgcc.a(_dvmd_tls.o)
                              d:/siliconlabs/simplicitystudio/v4/developer/toolchains/gnu_arm/7.2_2017q4/bin/../lib/gcc/arm-none-eabi/7.2.1/thumb/v7e-m/fpv4-sp/softfp\libgcc.a(_aeabi_uldivmod.o) (__aeabi_ldiv0)
d:/siliconlabs/simplicitystudio/v4/developer/toolchains/gnu_arm/7.2_2017q4/bin/../lib/gcc/arm-none-eabi/7.2.1/../../../../arm-none-eabi/lib/thumb/v7e-m/fpv4-sp/softfp\libc_nano.a(lib_a-exit.o)
                              d:/siliconlabs/simplicitystudio/v4/developer/toolchains/gnu_arm/7.2_2017q4/bin/../lib/gcc/arm-none-eabi/7.2.1/../../../../arm-none-eabi/lib/thumb/v7e-m/fpv4-sp/softfp/crt0.o (exit)
d:/siliconlabs/simplicitystudio/v4/developer/toolchains/gnu_arm/7.2_2017q4/bin/../lib/gcc/arm-none-eabi/7.2.1/../../../../arm-none-eabi/lib/thumb/v7e-m/fpv4-sp/softfp\libc_nano.a(lib_a-impure.o)
                              d:/siliconlabs/simplicitystudio/v4/developer/toolchains/gnu_arm/7.2_2017q4/bin/../lib/gcc/arm-none-eabi/7.2.1/../../../../arm-none-eabi/lib/thumb/v7e-m/fpv4-sp/softfp\libc_nano.a(lib_a-exit.o) (_global_impure_ptr)
d:/siliconlabs/simplicitystudio/v4/developer/toolchains/gnu_arm/7.2_2017q4/bin/../lib/gcc/arm-none-eabi/7.2.1/../../../../arm-none-eabi/lib/thumb/v7e-m/fpv4-sp/softfp\libc_nano.a(lib_a-init.o)
                              d:/siliconlabs/simplicitystudio/v4/developer/toolchains/gnu_arm/7.2_2017q4/bin/../lib/gcc/arm-none-eabi/7.2.1/../../../../arm-none-eabi/lib/thumb/v7e-m/fpv4-sp/softfp/crt0.o (__libc_init_array)
d:/siliconlabs/simplicitystudio/v4/developer/toolchains/gnu_arm/7.2_2017q4/bin/../lib/gcc/arm-none-eabi/7.2.1/../../../../arm-none-eabi/lib/thumb/v7e-m/fpv4-sp/softfp\libc_nano.a(lib_a-memcpy-stub.o)
                              ./src/pocsag.o (memcpy)
d:/siliconlabs/simplicitystudio/v4/developer/toolchains/gnu_arm/7.2_2017q4/bin/../lib/gcc/arm-none-eabi/7.2.1/../../../../arm-none-eabi/lib/thumb/v7e-m/fpv4-sp/softfp\libc_nano.a(lib_a-memset.o)
                              d:/siliconlabs/simplicitystudio/v4/developer/toolchains/gnu_arm/7.2_2017q4/bin/../lib/gcc/arm-none-eabi/7.2.1/../../../../arm-none-eabi/lib/thumb/v7e-m/fpv4-sp/softfp/crt0.o (memset)
d:/siliconlabs/simplicitystudio/v4/developer/toolchains/gnu_arm/7.2_2017q4/bin/../lib/gcc/arm-none-eabi/7.2.1/../../../../arm-none-eabi/lib/thumb/v7e-m/fpv4-sp/softfp\libc_nano.a(lib_a-sprintf.o)
                              ./src/parameters.o (sprintf)
d:/siliconlabs/simplicitystudio/v4/developer/toolchains/gnu_arm/7.2_2017q4/bin/../lib/gcc/arm-none-eabi/7.2.1/../../../../arm-none-eabi/lib/thumb/v7e-m/fpv4-sp/softfp\libc_nano.a(lib_a-strlen.o)
                              ./src/pocsag.o (strlen)
d:/siliconlabs/simplicitystudio/v4/developer/toolchains/gnu_arm/7.2_2017q4/bin/../lib/gcc/arm-none-eabi/7.2.1/../../../../arm-none-eabi/lib/thumb/v7e-m/fpv4-sp/softfp\libc_nano.a(lib_a-nano-svfprintf.o)
                              d:/siliconlabs/simplicitystudio/v4/developer/toolchains/gnu_arm/7.2_2017q4/bin/../lib/gcc/arm-none-eabi/7.2.1/../../../../arm-none-eabi/lib/thumb/v7e-m/fpv4-sp/softfp\libc_nano.a(lib_a-sprintf.o) (_svfprintf_r)
d:/siliconlabs/simplicitystudio/v4/developer/toolchains/gnu_arm/7.2_2017q4/bin/../lib/gcc/arm-none-eabi/7.2.1/../../../../arm-none-eabi/lib/thumb/v7e-m/fpv4-sp/softfp\libc_nano.a(lib_a-nano-vfprintf_i.o)
                              d:/siliconlabs/simplicitystudio/v4/developer/toolchains/gnu_arm/7.2_2017q4/bin/../lib/gcc/arm-none-eabi/7.2.1/../../../../arm-none-eabi/lib/thumb/v7e-m/fpv4-sp/softfp\libc_nano.a(lib_a-nano-svfprintf.o) (_printf_i)
d:/siliconlabs/simplicitystudio/v4/developer/toolchains/gnu_arm/7.2_2017q4/bin/../lib/gcc/arm-none-eabi/7.2.1/../../../../arm-none-eabi/lib/thumb/v7e-m/fpv4-sp/softfp\libc_nano.a(lib_a-memchr.o)
                              d:/siliconlabs/simplicitystudio/v4/developer/toolchains/gnu_arm/7.2_2017q4/bin/../lib/gcc/arm-none-eabi/7.2.1/../../../../arm-none-eabi/lib/thumb/v7e-m/fpv4-sp/softfp\libc_nano.a(lib_a-nano-svfprintf.o) (memchr)
d:/siliconlabs/simplicitystudio/v4/developer/toolchains/gnu_arm/7.2_2017q4/bin/../lib/gcc/arm-none-eabi/7.2.1/../../../../arm-none-eabi/lib/thumb/v7e-m/fpv4-sp/softfp\libc_nano.a(lib_a-memmove.o)
[...]
Memory Configuration

Name             Origin             Length             Attributes
FLASH            0x00000000         0x00200000         xr
RAM              0x20000000         0x00080000         xrw
*default*        0x00000000         0xffffffff

Linker script and memory map

LOAD d:/siliconlabs/simplicitystudio/v4/developer/toolchains/gnu_arm/7.2_2017q4/bin/../lib/gcc/arm-none-eabi/7.2.1/thumb/v7e-m/fpv4-sp/softfp/crti.o
LOAD d:/siliconlabs/simplicitystudio/v4/developer/toolchains/gnu_arm/7.2_2017q4/bin/../lib/gcc/arm-none-eabi/7.2.1/thumb/v7e-m/fpv4-sp/softfp/crtbegin.o
LOAD d:/siliconlabs/simplicitystudio/v4/developer/toolchains/gnu_arm/7.2_2017q4/bin/../lib/gcc/arm-none-eabi/7.2.1/../../../../arm-none-eabi/lib/thumb/v7e-m/fpv4-sp/softfp/crt0.o
LOAD ./src/em_cmu.o
LOAD ./src/em_gpio.o
LOAD ./src/em_usart.o
LOAD ./src/main.o
LOAD ./emlib/em_system.o
LOAD ./CMSIS/EFM32GG11B/startup_efm32gg11b.o
LOAD ./CMSIS/EFM32GG11B/system_efm32gg11b.o
LOAD ./src/em_emu.o
LOAD ./src/em_timer.o
LOAD ./src/inputs.o
LOAD ./src/led.o
LOAD ./src/parameters.o
LOAD ./src/pocsag.o
LOAD ./src/timer0.o
LOAD ./src/timer1.o
LOAD ./src/uart0.o
LOAD ./src/uart1.o
LOAD ./src/usart0.o
LOAD ./src/wtimer0.o
START GROUP
LOAD d:/siliconlabs/simplicitystudio/v4/developer/toolchains/gnu_arm/7.2_2017q4/bin/../lib/gcc/arm-none-eabi/7.2.1/thumb/v7e-m/fpv4-sp/softfp\libgcc.a
LOAD d:/siliconlabs/simplicitystudio/v4/developer/toolchains/gnu_arm/7.2_2017q4/bin/../lib/gcc/arm-none-eabi/7.2.1/../../../../arm-none-eabi/lib/thumb/v7e-m/fpv4-sp/softfp\libc_nano.a
LOAD d:/siliconlabs/simplicitystudio/v4/developer/toolchains/gnu_arm/7.2_2017q4/bin/../lib/gcc/arm-none-eabi/7.2.1/../../../../arm-none-eabi/lib/thumb/v7e-m/fpv4-sp/softfp\libnosys.a
END GROUP
START GROUP
LOAD d:/siliconlabs/simplicitystudio/v4/developer/toolchains/gnu_arm/7.2_2017q4/bin/../lib/gcc/arm-none-eabi/7.2.1/thumb/v7e-m/fpv4-sp/softfp\libgcc.a
LOAD d:/siliconlabs/simplicitystudio/v4/developer/toolchains/gnu_arm/7.2_2017q4/bin/../lib/gcc/arm-none-eabi/7.2.1/../../../../arm-none-eabi/lib/thumb/v7e-m/fpv4-sp/softfp\libg_nano.a
LOAD d:/siliconlabs/simplicitystudio/v4/developer/toolchains/gnu_arm/7.2_2017q4/bin/../lib/gcc/arm-none-eabi/7.2.1/../../../../arm-none-eabi/lib/thumb/v7e-m/fpv4-sp/softfp\libc_nano.a
END GROUP
START GROUP
LOAD d:/siliconlabs/simplicitystudio/v4/developer/toolchains/gnu_arm/7.2_2017q4/bin/../lib/gcc/arm-none-eabi/7.2.1/thumb/v7e-m/fpv4-sp/softfp\libgcc.a
LOAD d:/siliconlabs/simplicitystudio/v4/developer/toolchains/gnu_arm/7.2_2017q4/bin/../lib/gcc/arm-none-eabi/7.2.1/../../../../arm-none-eabi/lib/thumb/v7e-m/fpv4-sp/softfp\libc_nano.a
END GROUP
LOAD d:/siliconlabs/simplicitystudio/v4/developer/toolchains/gnu_arm/7.2_2017q4/bin/../lib/gcc/arm-none-eabi/7.2.1/thumb/v7e-m/fpv4-sp/softfp/crtend.o
LOAD d:/siliconlabs/simplicitystudio/v4/developer/toolchains/gnu_arm/7.2_2017q4/bin/../lib/gcc/arm-none-eabi/7.2.1/thumb/v7e-m/fpv4-sp/softfp/crtn.o

.text           0x00000000     0x65d4
 *(.vectors)
 .vectors       0x00000000      0x150 ./CMSIS/EFM32GG11B/startup_efm32gg11b.o
                0x00000000                __Vectors
                0x00000150                __Vectors_End = .
                0x00000150                __Vectors_Size = (__Vectors_End - __Vectors)
                0x00000150                __end__ = .
 *(.text*)
 .text          0x00000150       0x40 d:/siliconlabs/simplicitystudio/v4/developer/toolchains/gnu_arm/7.2_2017q4/bin/../lib/gcc/arm-none-eabi/7.2.1/thumb/v7e-m/fpv4-sp/softfp/crtbegin.o
 .text          0x00000190       0x74 d:/siliconlabs/simplicitystudio/v4/developer/toolchains/gnu_arm/7.2_2017q4/bin/../lib/gcc/arm-none-eabi/7.2.1/../../../../arm-none-eabi/lib/thumb/v7e-m/fpv4-sp/softfp/crt0.o
                0x00000190                _start
                0x00000190                _mainCRTStartup
 .text.BUS_RegBitWrite
                0x00000204       0x2e ./src/em_cmu.o
 .text.BUS_RegBitRead
                0x00000232       0x2a ./src/em_cmu.o
 .text.BUS_RegMaskedSet
                0x0000025c       0x24 ./src/em_cmu.o
 .text.BUS_RegMaskedClear
                0x00000280       0x24 ./src/em_cmu.o
 .text.SL_Log2ToDiv
                0x000002a4       0x1c ./src/em_cmu.o
 .text.CMU_DivToLog2
                0x000002c0       0x32 ./src/em_cmu.o
 .text.CMU_PrescToLog2
                0x000002f2       0x28 ./src/em_cmu.o
 *fill*         0x0000031a        0x2 
 .text.EMU_LDOStatusGet
                0x0000031c       0x24 ./src/em_cmu.o
 .text.EMU_VScaleWait
                0x00000340       0x30 ./src/em_cmu.o
 .text.EMU_VScaleGet
                0x00000370       0x1c ./src/em_cmu.o
 .text.setHfLeConfig
                0x0000038c       0x64 ./src/em_cmu.o
 .text.flashWaitStateControl
                0x000003f0       0x90 ./src/em_cmu.o
 .text.flashWaitStateMax
                0x00000480       0x44 ./src/em_cmu.o
 .text.setRamWaitState
                0x000004c4       0x4c ./src/em_cmu.o
 .text.setBusWaitState
                0x00000510       0x40 ./src/em_cmu.o
 .text.CMU_UpdateWaitStates
                0x00000550       0x52 ./src/em_cmu.o
                0x00000550                CMU_UpdateWaitStates
 *fill*         0x000005a2        0x2 
 .text.getHfxoTuningMode
                0x000005a4       0x1c ./src/em_cmu.o
 .text.setHfxoTuningMode
                0x000005c0       0x2c ./src/em_cmu.o
 .text.syncReg  0x000005ec       0x38 ./src/em_cmu.o
 .text.hfperClkSafePrescaler
                0x00000624       0x2c ./src/em_cmu.o
 .text.hfperClkOptimizedPrescaler
                0x00000650       0xc8 ./src/em_cmu.o
 .text.CMU_ClockEnable
                0x00000718      0x150 ./src/em_cmu.o
                0x00000718                CMU_ClockEnable
 .text.CMU_ClockPrescSet
                0x00000868      0x3d8 ./src/em_cmu.o
                0x00000868                CMU_ClockPrescSet
 .text.CMU_ClockSelectGet
                0x00000c40      0x328 ./src/em_cmu.o
                0x00000c40                CMU_ClockSelectGet
 .text.CMU_ClockSelectSet
                0x00000f68      0x57c ./src/em_cmu.o
                0x00000f68                CMU_ClockSelectSet
 .text.CMU_DPLLLock
                0x000014e4      0x1ec ./src/em_cmu.o
                0x000014e4                CMU_DPLLLock
 .text.CMU_HFRCODevinfoGet
                0x000016d0      0x124 ./src/em_cmu.o
 .text.CMU_HFRCOBandGet
                0x000017f4       0x18 ./src/em_cmu.o
                0x000017f4                CMU_HFRCOBandGet
 .text.CMU_HFXOInit
                0x0000180c       0xcc ./src/em_cmu.o
                0x0000180c                CMU_HFXOInit
 .text.CMU_OscillatorEnable
                0x000018d8      0x1ac ./src/em_cmu.o
                0x000018d8                CMU_OscillatorEnable
 .text.CMU_OscillatorTuningGet
                0x00001a84       0x74 ./src/em_cmu.o
                0x00001a84                CMU_OscillatorTuningGet
 .text.CMU_OscillatorTuningSet
                0x00001af8       0xf0 ./src/em_cmu.o
                0x00001af8                CMU_OscillatorTuningSet
 .text.CMU_OscillatorTuningWait
                0x00001be8       0x5c ./src/em_cmu.o
                0x00001be8                CMU_OscillatorTuningWait
 .text.BUS_RegBitWrite
                0x00001c44       0x2e ./src/em_gpio.o
 .text.BUS_RegMaskedSet
                0x00001c72       0x24 ./src/em_gpio.o
 .text.BUS_RegMaskedClear
                0x00001c96       0x24 ./src/em_gpio.o
 .text.BUS_RegMaskedWrite
                0x00001cba       0x24 ./src/em_gpio.o
 *fill*         0x00001cde        0x2 
 .text.GPIO_IntClear
                0x00001ce0       0x20 ./src/em_gpio.o
 .text.GPIO_PinOutClear
                0x00001d00       0x6c ./src/em_gpio.o
 .text.GPIO_PinOutSet
                0x00001d6c       0x6c ./src/em_gpio.o
 .text.GPIO_ExtIntConfig
                0x00001dd8      0x134 ./src/em_gpio.o
                0x00001dd8                GPIO_ExtIntConfig
 .text.GPIO_PinModeSet
                0x00001f0c      0x12c ./src/em_gpio.o
                0x00001f0c                GPIO_PinModeSet
 .text.USART_Rx
                0x00002038       0x28 ./src/em_usart.o
                0x00002038                USART_Rx
 .text.USART_Tx
                0x00002060       0x2c ./src/em_usart.o
                0x00002060                USART_Tx
 .text.BUS_RegMaskedSet
                0x0000208c       0x24 ./src/main.o
 .text.BUS_RegMaskedClear
                0x000020b0       0x24 ./src/main.o
 .text.GPIO_PinOutClear
                0x000020d4       0x6c ./src/main.o
 .text.GPIO_PinOutSet
                0x00002140       0x6c ./src/main.o
 .text.GPIO_PinOutToggle
                0x000021ac       0x6c ./src/main.o
 .text.CHIP_Init
                0x00002218       0x7c ./src/main.o
 .text.initClocks
                0x00002294       0xa0 ./src/main.o
 .text.initOutputs
                0x00002334       0x40 ./src/main.o
 .text.delay_ms
                0x00002374       0x34 ./src/main.o
 .text.main     0x000023a8      0x36c ./src/main.o
                0x000023a8                main
 .text          0x00002714       0x30 ./CMSIS/EFM32GG11B/startup_efm32gg11b.o
                0x00002714                Reset_Handler
                0x00002740                TIMER5_IRQHandler
                0x00002740                DebugMon_Handler
                0x00002740                USART0_TX_IRQHandler
                0x00002740                USART5_RX_IRQHandler
                0x00002740                I2C0_IRQHandler
                0x00002740                HardFault_Handler
                0x00002740                LEUART1_IRQHandler
                0x00002740                SysTick_Handler
                0x00002740                SDIO_IRQHandler
                0x00002740                USART1_RX_IRQHandler
                0x00002740                PendSV_Handler
                0x00002740                NMI_Handler
                0x00002740                I2C1_IRQHandler
                0x00002740                CAN1_IRQHandler
                0x00002740                WTIMER0_IRQHandler
                0x00002740                WTIMER3_IRQHandler
                0x00002740                CRYPTO0_IRQHandler
                0x00002740                WDOG0_IRQHandler
                0x00002740                TIMER3_IRQHandler
                0x00002740                USART1_TX_IRQHandler
                0x00002740                USART4_RX_IRQHandler
                0x00002740                SMU_IRQHandler
                0x00002740                MSC_IRQHandler
                0x00002740                ADC0_IRQHandler
                0x00002740                UsageFault_Handler
                0x00002740                WDOG1_IRQHandler
                0x00002740                LEUART0_IRQHandler
                0x00002740                TIMER4_IRQHandler
                0x00002740                FPUEH_IRQHandler
                0x00002740                WTIMER1_IRQHandler
                0x00002740                UART0_TX_IRQHandler
                0x00002740                UART1_TX_IRQHandler
                0x00002740                VDAC0_IRQHandler
                0x00002740                QSPI0_IRQHandler
                0x00002740                LDMA_IRQHandler
                0x00002740                TIMER6_IRQHandler
                0x00002740                CSEN_IRQHandler
                0x00002740                ADC1_IRQHandler
                0x00002740                I2C2_IRQHandler
                0x00002740                RTC_IRQHandler
                0x00002740                TIMER2_IRQHandler
                0x00002740                LCD_IRQHandler
                0x00002740                PCNT2_IRQHandler
                0x00002740                WTIMER2_IRQHandler
                0x00002740                LETIMER0_IRQHandler
                0x00002740                TRNG0_IRQHandler
                0x00002740                USART2_RX_IRQHandler
                0x00002740                Default_Handler
                0x00002740                EMU_IRQHandler
                0x00002740                CRYOTIMER_IRQHandler
                0x00002740                PCNT0_IRQHandler
                0x00002740                sl_app_properties
                0x00002740                USB_IRQHandler
                0x00002740                USART4_TX_IRQHandler
                0x00002740                PCNT1_IRQHandler
                0x00002740                ACMP0_IRQHandler
                0x00002740                USART5_TX_IRQHandler
                0x00002740                MemManage_Handler
                0x00002740                SVC_Handler
                0x00002740                USART3_RX_IRQHandler
                0x00002740                RTCC_IRQHandler
                0x00002740                ETH_IRQHandler
                0x00002740                CMU_IRQHandler
                0x00002740                EBI_IRQHandler
                0x00002740                CAN0_IRQHandler
                0x00002740                LESENSE_IRQHandler
                0x00002740                GPIO_ODD_IRQHandler
                0x00002740                USART3_TX_IRQHandler
                0x00002740                LETIMER1_IRQHandler
                0x00002740                ACMP2_IRQHandler
                0x00002740                BusFault_Handler
                0x00002740                USART2_TX_IRQHandler
                0x00002740                IDAC0_IRQHandler
 .text.SystemCoreClockGet
                0x00002744       0x40 ./CMSIS/EFM32GG11B/system_efm32gg11b.o
                0x00002744                SystemCoreClockGet
 .text.SystemMaxCoreClockGet
                0x00002784       0x14 ./CMSIS/EFM32GG11B/system_efm32gg11b.o
                0x00002784                SystemMaxCoreClockGet
 .text.SystemHFClockGet
                0x00002798       0xf4 ./CMSIS/EFM32GG11B/system_efm32gg11b.o
                0x00002798                SystemHFClockGet
 .text.SystemHFXOClockGet
                0x0000288c       0x18 ./CMSIS/EFM32GG11B/system_efm32gg11b.o
                0x0000288c                SystemHFXOClockGet
 .text.SystemInit
                0x000028a4       0x2c ./CMSIS/EFM32GG11B/system_efm32gg11b.o
                0x000028a4                SystemInit
 .text.BUS_RegBitRead
                0x000028d0       0x2a ./src/em_emu.o
 *fill*         0x000028fa        0x2 
 .text.EMU_LDOStatusGet
                0x000028fc       0x24 ./src/em_emu.o
 .text.EMU_VScaleWait
                0x00002920       0x30 ./src/em_emu.o
 .text.EMU_VScaleGet
                0x00002950       0x1c ./src/em_emu.o
 .text.vScaleEM01Cmd
                0x0000296c       0x22 ./src/em_emu.o
 *fill*         0x0000298e        0x2 
 .text.EMU_VScaleEM01ByClock
                0x00002990       0x84 ./src/em_emu.o
                0x00002990                EMU_VScaleEM01ByClock
 .text.EMU_VScaleEM01
                0x00002a14       0x98 ./src/em_emu.o
                0x00002a14                EMU_VScaleEM01
 .text.TIMER_Valid
                0x00002aac       0xa4 ./src/em_timer.o
 .text.TIMER_Init
                0x00002b50       0xe8 ./src/em_timer.o
                0x00002b50                TIMER_Init
 .text.__NVIC_EnableIRQ
                0x00002c38       0x3c ./src/inputs.o
 .text.BUS_RegBitRead
                0x00002c74       0x2a ./src/inputs.o
 *fill*         0x00002c9e        0x2 
 .text.GPIO_IntClear
                0x00002ca0       0x20 ./src/inputs.o
 .text.GPIO_IntDisable
                0x00002cc0       0x2c ./src/inputs.o
 .text.GPIO_IntEnable
                0x00002cec       0x28 ./src/inputs.o
 .text.GPIO_IntGet
                0x00002d14       0x18 ./src/inputs.o
 .text.GPIO_PinInGet
                0x00002d2c       0x66 ./src/inputs.o
 .text.TIMER_CounterGet
                0x00002d92       0x18 ./src/inputs.o
 *fill*         0x00002daa        0x2 
 .text.initInputs
                0x00002dac       0x40 ./src/inputs.o
                0x00002dac                initInputs
 .text.Input_GetRX
                0x00002dec       0x12 ./src/inputs.o
                0x00002dec                Input_GetRX
 *fill*         0x00002dfe        0x2 
 .text.GPIO_EVEN_IRQHandler
                0x00002e00       0x98 ./src/inputs.o
                0x00002e00                GPIO_EVEN_IRQHandler
 .text.rx_edge_irq_enabled
                0x00002e98        0xe ./src/inputs.o
                0x00002e98                rx_edge_irq_enabled
 .text.rx_edge_irq_disabled
                0x00002ea6        0xe ./src/inputs.o
                0x00002ea6                rx_edge_irq_disabled
 .text.BUS_RegMaskedSet
                0x00002eb4       0x24 ./src/led.o
 .text.BUS_RegMaskedClear
                0x00002ed8       0x24 ./src/led.o
 .text.GPIO_PinOutClear
                0x00002efc       0x6c ./src/led.o
 .text.GPIO_PinOutSet
                0x00002f68       0x6c ./src/led.o
 .text.GPIO_PinOutToggle
                0x00002fd4       0x6c ./src/led.o
 .text.initLED  0x00003040       0x5c ./src/led.o
                0x00003040                initLED
 .text.LED1_On  0x0000309c       0x10 ./src/led.o
                0x0000309c                LED1_On
 .text.LED1_Off
                0x000030ac       0x10 ./src/led.o
                0x000030ac                LED1_Off
 .text.LED1_Toggle
                0x000030bc       0x10 ./src/led.o
                0x000030bc                LED1_Toggle
 .text.LED2_On  0x000030cc       0x10 ./src/led.o
                0x000030cc                LED2_On
 .text.LED2_Off
                0x000030dc       0x10 ./src/led.o
                0x000030dc                LED2_Off
 .text.LED2_Toggle
                0x000030ec       0x10 ./src/led.o
                0x000030ec                LED2_Toggle
 .text.LED3_On  0x000030fc       0x10 ./src/led.o
                0x000030fc                LED3_On
 .text.LED3_Off
                0x0000310c       0x10 ./src/led.o
                0x0000310c                LED3_Off
 .text.LED3_Toggle
                0x0000311c       0x10 ./src/led.o
                0x0000311c                LED3_Toggle
 .text.LED4_On  0x0000312c       0x10 ./src/led.o
                0x0000312c                LED4_On
 .text.LED4_Off
                0x0000313c       0x10 ./src/led.o
                0x0000313c                LED4_Off
 .text.LED4_Toggle
                0x0000314c       0x10 ./src/led.o
                0x0000314c                LED4_Toggle
 .text.LED_RX_On
                0x0000315c       0x10 ./src/led.o
                0x0000315c                LED_RX_On
 .text.LED_RX_Off
                0x0000316c       0x10 ./src/led.o
                0x0000316c                LED_RX_Off
 .text.LED_RX_Toggle
                0x0000317c       0x10 ./src/led.o
                0x0000317c                LED_RX_Toggle
 .text.LED_TX_On
                0x0000318c       0x10 ./src/led.o
                0x0000318c                LED_TX_On
 .text.LED_TX_Off
                0x0000319c       0x10 ./src/led.o
                0x0000319c                LED_TX_Off
 .text.LED_TX_Toggle
                0x000031ac       0x10 ./src/led.o
                0x000031ac                LED_TX_Toggle
 .text.Parameters_Init
                0x000031bc      0x110 ./src/parameters.o
                0x000031bc                Parameters_Init
 .text.Parameters_Show
                0x000032cc      0x328 ./src/parameters.o
                0x000032cc                Parameters_Show
 .text.TIMER_MaxCount
                0x000035f4       0x50 ./src/pocsag.o
 .text.TIMER_CounterSet
                0x00003644       0x1e ./src/pocsag.o
 .text.BUS_RegMaskedSet
                0x00003662       0x24 ./src/pocsag.o
 .text.BUS_RegMaskedClear
                0x00003686       0x24 ./src/pocsag.o
 .text.GPIO_PinOutClear
                0x000036aa       0x6c ./src/pocsag.o
 .text.GPIO_PinOutSet
                0x00003716       0x6c ./src/pocsag.o
 *fill*         0x00003782        0x2 
 .text.GPIO_PinOutToggle
                0x00003784       0x6c ./src/pocsag.o
 .text.get_bit  0x000037f0       0x44 ./src/pocsag.o
                0x000037f0                get_bit
 .text.calculate_syndrom
                0x00003834       0x60 ./src/pocsag.o
 .text.check_parity
                0x00003894       0x50 ./src/pocsag.o
 .text.try_fix_word
                0x000038e4       0x78 ./src/pocsag.o
 .text.POCSAG_rx_init
                0x0000395c       0x74 ./src/pocsag.o
                0x0000395c                POCSAG_rx_init
 .text.POCSAG_edge_detected
                0x000039d0       0x18 ./src/pocsag.o
                0x000039d0                POCSAG_edge_detected
 .text.set_tx_bit
                0x000039e8       0x40 ./src/pocsag.o
                0x000039e8                set_tx_bit
 .text.tx_start
                0x00003a28       0x4c ./src/pocsag.o
                0x00003a28                tx_start
 .text.tx_stop  0x00003a74       0x30 ./src/pocsag.o
                0x00003a74                tx_stop
 .text.tx_bit   0x00003aa4      0x184 ./src/pocsag.o
                0x00003aa4                tx_bit
 .text.POCSAG_sample_bit
                0x00003c28      0x260 ./src/pocsag.o
                0x00003c28                POCSAG_sample_bit
 .text.POCSAG_show_rx_state
                0x00003e88       0x90 ./src/pocsag.o
                0x00003e88                POCSAG_show_rx_state
 .text.decode_ascii_part
                0x00003f18       0xf4 ./src/pocsag.o
                0x00003f18                decode_ascii_part
 .text.make_bch
                0x0000400c       0xe8 ./src/pocsag.o
                0x0000400c                make_bch
 .text.make_header
                0x000040f4       0xc8 ./src/pocsag.o
                0x000040f4                make_header
 *fill*         0x000041bc        0x4 
 .text.POCSAG_process
                0x000041c0      0x618 ./src/pocsag.o
                0x000041c0                POCSAG_process
 .text.__NVIC_EnableIRQ
                0x000047d8       0x3c ./src/timer0.o
 .text.__NVIC_ClearPendingIRQ
                0x00004814       0x3c ./src/timer0.o
 .text.initTIMER0
                0x00004850       0x68 ./src/timer0.o
                0x00004850                initTIMER0
 .text.TIMER0_IRQHandler
                0x000048b8       0x50 ./src/timer0.o
                0x000048b8                TIMER0_IRQHandler
 .text.__NVIC_EnableIRQ
                0x00004908       0x3c ./src/timer1.o
 .text.__NVIC_DisableIRQ
                0x00004944       0x44 ./src/timer1.o
 .text.__NVIC_ClearPendingIRQ
                0x00004988       0x3c ./src/timer1.o
 .text.initTIMER1
                0x000049c4       0x54 ./src/timer1.o
                0x000049c4                initTIMER1
 .text.TIMER1_Start
                0x00004a18       0x2c ./src/timer1.o
                0x00004a18                TIMER1_Start
 .text.TIMER1_Stop
                0x00004a44       0x18 ./src/timer1.o
                0x00004a44                TIMER1_Stop
 .text.TIMER1_IRQHandler
                0x00004a5c       0x20 ./src/timer1.o
                0x00004a5c                TIMER1_IRQHandler
 .text.TIMER1_Calibrate
                0x00004a7c       0x34 ./src/timer1.o
                0x00004a7c                TIMER1_Calibrate
 .text.TIMER1_ResetSpeed
                0x00004ab0       0x1c ./src/timer1.o
                0x00004ab0                TIMER1_ResetSpeed
 .text.__NVIC_EnableIRQ
                0x00004acc       0x3c ./src/uart0.o
 .text.__NVIC_ClearPendingIRQ
                0x00004b08       0x3c ./src/uart0.o
 .text.USART_IntClear
                0x00004b44       0x1c ./src/uart0.o
 .text.USART_IntEnable
                0x00004b60       0x22 ./src/uart0.o
 *fill*         0x00004b82        0x2 
 .text.initUART0
                0x00004b84       0x98 ./src/uart0.o
                0x00004b84                initUART0
 .text.sendStringUART0
                0x00004c1c       0x30 ./src/uart0.o
                0x00004c1c                sendStringUART0
 .text.UART0_RX_IRQHandler
                0x00004c4c       0x70 ./src/uart0.o
                0x00004c4c                UART0_RX_IRQHandler
 .text.__NVIC_EnableIRQ
                0x00004cbc       0x3c ./src/uart1.o
 .text.__NVIC_ClearPendingIRQ
                0x00004cf8       0x3c ./src/uart1.o
 .text.USART_IntClear
                0x00004d34       0x1c ./src/uart1.o
 .text.USART_IntEnable
                0x00004d50       0x22 ./src/uart1.o
 *fill*         0x00004d72        0x2 
 .text.initUART1
                0x00004d74       0xa0 ./src/uart1.o
                0x00004d74                initUART1
 .text.sendCharUART1
                0x00004e14       0x20 ./src/uart1.o
                0x00004e14                sendCharUART1
 .text.sendStringUART1
                0x00004e34       0x30 ./src/uart1.o
                0x00004e34                sendStringUART1
 .text.UART1_RX_IRQHandler
                0x00004e64       0x90 ./src/uart1.o
                0x00004e64                UART1_RX_IRQHandler
 .text.__NVIC_EnableIRQ
                0x00004ef4       0x3c ./src/usart0.o
 .text.__NVIC_ClearPendingIRQ
                0x00004f30       0x3c ./src/usart0.o
 .text.USART_IntClear
                0x00004f6c       0x1c ./src/usart0.o
 .text.USART_IntEnable
                0x00004f88       0x22 ./src/usart0.o
 .text.USART_BaudrateSet_Manual
                0x00004faa       0x38 ./src/usart0.o
                0x00004faa                USART_BaudrateSet_Manual
 *fill*         0x00004fe2        0x2 
 .text.initUSART0
                0x00004fe4       0x94 ./src/usart0.o
                0x00004fe4                initUSART0
 .text.sendStringUSART0
                0x00005078       0x30 ./src/usart0.o
                0x00005078                sendStringUSART0
 .text.USART0_RX_IRQHandler
                0x000050a8       0x70 ./src/usart0.o
                0x000050a8                USART0_RX_IRQHandler
 .text.TIMER_MaxCount
                0x00005118       0x50 ./src/wtimer0.o
 .text.TIMER_TopSet
                0x00005168       0x1e ./src/wtimer0.o
 *fill*         0x00005186        0x2 
 .text.initWTIMER0
                0x00005188       0x64 ./src/wtimer0.o
                0x00005188                initWTIMER0
 .text          0x000051ec       0x30 d:/siliconlabs/simplicitystudio/v4/developer/toolchains/gnu_arm/7.2_2017q4/bin/../lib/gcc/arm-none-eabi/7.2.1/thumb/v7e-m/fpv4-sp/softfp\libgcc.a(_aeabi_uldivmod.o)
                0x000051ec                __aeabi_uldivmod
 .text          0x0000521c      0x2cc d:/siliconlabs/simplicitystudio/v4/developer/toolchains/gnu_arm/7.2_2017q4/bin/../lib/gcc/arm-none-eabi/7.2.1/thumb/v7e-m/fpv4-sp/softfp\libgcc.a(_udivmoddi4.o)
                0x0000521c                __udivmoddi4
 .text          0x000054e8        0x4 d:/siliconlabs/simplicitystudio/v4/developer/toolchains/gnu_arm/7.2_2017q4/bin/../lib/gcc/arm-none-eabi/7.2.1/thumb/v7e-m/fpv4-sp/softfp\libgcc.a(_dvmd_tls.o)
                0x000054e8                __aeabi_idiv0
                0x000054e8                __aeabi_ldiv0
 .text.exit     0x000054ec       0x28 d:/siliconlabs/simplicitystudio/v4/developer/toolchains/gnu_arm/7.2_2017q4/bin/../lib/gcc/arm-none-eabi/7.2.1/../../../../arm-none-eabi/lib/thumb/v7e-m/fpv4-sp/softfp\libc_nano.a(lib_a-exit.o)
                0x000054ec                exit
 .text.__libc_init_array
                0x00005514       0x48 d:/siliconlabs/simplicitystudio/v4/developer/toolchains/gnu_arm/7.2_2017q4/bin/../lib/gcc/arm-none-eabi/7.2.1/../../../../arm-none-eabi/lib/thumb/v7e-m/fpv4-sp/softfp\libc_nano.a(lib_a-init.o)
                0x00005514                __libc_init_array
 .text.memcpy   0x0000555c       0x16 d:/siliconlabs/simplicitystudio/v4/developer/toolchains/gnu_arm/7.2_2017q4/bin/../lib/gcc/arm-none-eabi/7.2.1/../../../../arm-none-eabi/lib/thumb/v7e-m/fpv4-sp/softfp\libc_nano.a(lib_a-memcpy-stub.o)
                0x0000555c                memcpy
 .text.memset   0x00005572       0x10 d:/siliconlabs/simplicitystudio/v4/developer/toolchains/gnu_arm/7.2_2017q4/bin/../lib/gcc/arm-none-eabi/7.2.1/../../../../arm-none-eabi/lib/thumb/v7e-m/fpv4-sp/softfp\libc_nano.a(lib_a-memset.o)
                0x00005572                memset
 *fill*         0x00005582        0x2 
 .text.sprintf  0x00005584       0x40 d:/siliconlabs/simplicitystudio/v4/developer/toolchains/gnu_arm/7.2_2017q4/bin/../lib/gcc/arm-none-eabi/7.2.1/../../../../arm-none-eabi/lib/thumb/v7e-m/fpv4-sp/softfp\libc_nano.a(lib_a-sprintf.o)
                0x00005584                siprintf
                0x00005584                sprintf
 .text          0x000055c4       0x10 d:/siliconlabs/simplicitystudio/v4/developer/toolchains/gnu_arm/7.2_2017q4/bin/../lib/gcc/arm-none-eabi/7.2.1/../../../../arm-none-eabi/lib/thumb/v7e-m/fpv4-sp/softfp\libc_nano.a(lib_a-strlen.o)
                0x000055c4                strlen
 .text.__ssputs_r
                0x000055d4       0xb4 d:/siliconlabs/simplicitystudio/v4/developer/toolchains/gnu_arm/7.2_2017q4/bin/../lib/gcc/arm-none-eabi/7.2.1/../../../../arm-none-eabi/lib/thumb/v7e-m/fpv4-sp/softfp\libc_nano.a(lib_a-nano-svfprintf.o)
                0x000055d4                __ssputs_r
 .text._svfprintf_r
                0x00005688      0x1ec d:/siliconlabs/simplicitystudio/v4/developer/toolchains/gnu_arm/7.2_2017q4/bin/../lib/gcc/arm-none-eabi/7.2.1/../../../../arm-none-eabi/lib/thumb/v7e-m/fpv4-sp/softfp\libc_nano.a(lib_a-nano-svfprintf.o)
                0x00005688                _svfiprintf_r
                0x00005688                _svfprintf_r
 .text._printf_common
                0x00005874       0xea d:/siliconlabs/simplicitystudio/v4/developer/toolchains/gnu_arm/7.2_2017q4/bin/../lib/gcc/arm-none-eabi/7.2.1/../../../../arm-none-eabi/lib/thumb/v7e-m/fpv4-sp/softfp\libc_nano.a(lib_a-nano-vfprintf_i.o)
                0x00005874                _printf_common
 *fill*         0x0000595e        0x2 
 .text._printf_i
                0x00005960      0x224 d:/siliconlabs/simplicitystudio/v4/developer/toolchains/gnu_arm/7.2_2017q4/bin/../lib/gcc/arm-none-eabi/7.2.1/../../../../arm-none-eabi/lib/thumb/v7e-m/fpv4-sp/softfp\libc_nano.a(lib_a-nano-vfprintf_i.o)
                0x00005960                _printf_i
 *fill*         0x00005b84        0xc 
 .text          0x00005b90       0xa0 d:/siliconlabs/simplicitystudio/v4/developer/toolchains/gnu_arm/7.2_2017q4/bin/../lib/gcc/arm-none-eabi/7.2.1/../../../../arm-none-eabi/lib/thumb/v7e-m/fpv4-sp/softfp\libc_nano.a(lib_a-memchr.o)
                0x00005b90                memchr
 .text.memmove  0x00005c30       0x32 d:/siliconlabs/simplicitystudio/v4/developer/toolchains/gnu_arm/7.2_2017q4/bin/../lib/gcc/arm-none-eabi/7.2.1/../../../../arm-none-eabi/lib/thumb/v7e-m/fpv4-sp/softfp\libc_nano.a(lib_a-memmove.o)
                0x00005c30                memmove
 *fill*         0x00005c62        0x2 
 .text._free_r  0x00005c64       0x9c d:/siliconlabs/simplicitystudio/v4/developer/toolchains/gnu_arm/7.2_2017q4/bin/../lib/gcc/arm-none-eabi/7.2.1/../../../../arm-none-eabi/lib/thumb/v7e-m/fpv4-sp/softfp\libc_nano.a(lib_a-nano-freer.o)
                0x00005c64                _free_r
 .text._malloc_r
                0x00005d00       0xb4 d:/siliconlabs/simplicitystudio/v4/developer/toolchains/gnu_arm/7.2_2017q4/bin/../lib/gcc/arm-none-eabi/7.2.1/../../../../arm-none-eabi/lib/thumb/v7e-m/fpv4-sp/softfp\libc_nano.a(lib_a-nano-mallocr.o)
                0x00005d00                _malloc_r
 .text._realloc_r
                0x00005db4       0x4c d:/siliconlabs/simplicitystudio/v4/developer/toolchains/gnu_arm/7.2_2017q4/bin/../lib/gcc/arm-none-eabi/7.2.1/../../../../arm-none-eabi/lib/thumb/v7e-m/fpv4-sp/softfp\libc_nano.a(lib_a-nano-reallocr.o)
                0x00005db4                _realloc_r
 .text._sbrk_r  0x00005e00       0x20 d:/siliconlabs/simplicitystudio/v4/developer/toolchains/gnu_arm/7.2_2017q4/bin/../lib/gcc/arm-none-eabi/7.2.1/../../../../arm-none-eabi/lib/thumb/v7e-m/fpv4-sp/softfp\libc_nano.a(lib_a-sbrkr.o)
                0x00005e00                _sbrk_r
 .text.__malloc_lock
                0x00005e20        0x2 d:/siliconlabs/simplicitystudio/v4/developer/toolchains/gnu_arm/7.2_2017q4/bin/../lib/gcc/arm-none-eabi/7.2.1/../../../../arm-none-eabi/lib/thumb/v7e-m/fpv4-sp/softfp\libc_nano.a(lib_a-mlock.o)
                0x00005e20                __malloc_lock
 .text.__malloc_unlock
                0x00005e22        0x2 d:/siliconlabs/simplicitystudio/v4/developer/toolchains/gnu_arm/7.2_2017q4/bin/../lib/gcc/arm-none-eabi/7.2.1/../../../../arm-none-eabi/lib/thumb/v7e-m/fpv4-sp/softfp\libc_nano.a(lib_a-mlock.o)
                0x00005e22                __malloc_unlock
 .text._malloc_usable_size_r
                0x00005e24       0x10 d:/siliconlabs/simplicitystudio/v4/developer/toolchains/gnu_arm/7.2_2017q4/bin/../lib/gcc/arm-none-eabi/7.2.1/../../../../arm-none-eabi/lib/thumb/v7e-m/fpv4-sp/softfp\libc_nano.a(lib_a-nano-msizer.o)
                0x00005e24                _malloc_usable_size_r
 .text._sbrk    0x00005e34       0x1c d:/siliconlabs/simplicitystudio/v4/developer/toolchains/gnu_arm/7.2_2017q4/bin/../lib/gcc/arm-none-eabi/7.2.1/../../../../arm-none-eabi/lib/thumb/v7e-m/fpv4-sp/softfp\libnosys.a(sbrk.o)
                0x00005e34                _sbrk
 .text._exit    0x00005e50        0x4 d:/siliconlabs/simplicitystudio/v4/developer/toolchains/gnu_arm/7.2_2017q4/bin/../lib/gcc/arm-none-eabi/7.2.1/../../../../arm-none-eabi/lib/thumb/v7e-m/fpv4-sp/softfp\libnosys.a(_exit.o)
                0x00005e50                _exit
 *(.init)
 .init          0x00005e54        0x4 d:/siliconlabs/simplicitystudio/v4/developer/toolchains/gnu_arm/7.2_2017q4/bin/../lib/gcc/arm-none-eabi/7.2.1/thumb/v7e-m/fpv4-sp/softfp/crti.o
                0x00005e54                _init
 .init          0x00005e58        0x8 d:/siliconlabs/simplicitystudio/v4/developer/toolchains/gnu_arm/7.2_2017q4/bin/../lib/gcc/arm-none-eabi/7.2.1/thumb/v7e-m/fpv4-sp/softfp/crtn.o
 *(.fini)
 .fini          0x00005e60        0x4 d:/siliconlabs/simplicitystudio/v4/developer/toolchains/gnu_arm/7.2_2017q4/bin/../lib/gcc/arm-none-eabi/7.2.1/thumb/v7e-m/fpv4-sp/softfp/crti.o
                0x00005e60                _fini
 .fini          0x00005e64        0x8 d:/siliconlabs/simplicitystudio/v4/developer/toolchains/gnu_arm/7.2_2017q4/bin/../lib/gcc/arm-none-eabi/7.2.1/thumb/v7e-m/fpv4-sp/softfp/crtn.o
 *crtbegin.o(.ctors)
 *crtbegin?.o(.ctors)
 *(EXCLUDE_FILE(*crtend.o *crtend?.o) .ctors)
 *(SORT_BY_NAME(.ctors.*))
 *(.ctors)
 *crtbegin.o(.dtors)
 *crtbegin?.o(.dtors)
 *(EXCLUDE_FILE(*crtend.o *crtend?.o) .dtors)
 *(SORT_BY_NAME(.dtors.*))
 *(.dtors)
 *(.rodata*)
 .rodata.hfrcoCtrlTable
                0x00005e6c      0x180 ./src/em_cmu.o
 .rodata.flashWsTable
                0x00005fec       0x38 ./src/em_cmu.o
 .rodata        0x00006024      0x1bc ./src/main.o
 .rodata        0x000061e0      0x194 ./src/parameters.o
 .rodata        0x00006374      0x214 ./src/pocsag.o
 .rodata        0x00006588        0x3 ./src/uart0.o
 *fill*         0x0000658b        0x1 
 .rodata        0x0000658c        0x8 ./src/uart1.o
 .rodata        0x00006594        0x3 ./src/usart0.o
 *fill*         0x00006597        0x1 
 .rodata._global_impure_ptr
                0x00006598        0x4 d:/siliconlabs/simplicitystudio/v4/developer/toolchains/gnu_arm/7.2_2017q4/bin/../lib/gcc/arm-none-eabi/7.2.1/../../../../arm-none-eabi/lib/thumb/v7e-m/fpv4-sp/softfp\libc_nano.a(lib_a-impure.o)
                0x00006598                _global_impure_ptr
 .rodata._svfprintf_r.str1.1
                0x0000659c       0x11 d:/siliconlabs/simplicitystudio/v4/developer/toolchains/gnu_arm/7.2_2017q4/bin/../lib/gcc/arm-none-eabi/7.2.1/../../../../arm-none-eabi/lib/thumb/v7e-m/fpv4-sp/softfp\libc_nano.a(lib_a-nano-svfprintf.o)
 .rodata._printf_i.str1.1
                0x000065ad       0x22 d:/siliconlabs/simplicitystudio/v4/developer/toolchains/gnu_arm/7.2_2017q4/bin/../lib/gcc/arm-none-eabi/7.2.1/../../../../arm-none-eabi/lib/thumb/v7e-m/fpv4-sp/softfp\libc_nano.a(lib_a-nano-vfprintf_i.o)
 *(.eh_frame*)
 *fill*         0x000065cf        0x1 
 .eh_frame      0x000065d0        0x0 d:/siliconlabs/simplicitystudio/v4/developer/toolchains/gnu_arm/7.2_2017q4/bin/../lib/gcc/arm-none-eabi/7.2.1/thumb/v7e-m/fpv4-sp/softfp/crtbegin.o
 .eh_frame      0x000065d0        0x4 d:/siliconlabs/simplicitystudio/v4/developer/toolchains/gnu_arm/7.2_2017q4/bin/../lib/gcc/arm-none-eabi/7.2.1/thumb/v7e-m/fpv4-sp/softfp/crtend.o

.glue_7         0x000065d4        0x0
 .glue_7        0x000065d4        0x0 linker stubs

.glue_7t        0x000065d4        0x0
 .glue_7t       0x000065d4        0x0 linker stubs

.vfp11_veneer   0x000065d4        0x0
 .vfp11_veneer  0x000065d4        0x0 linker stubs

.v4_bx          0x000065d4        0x0
 .v4_bx         0x000065d4        0x0 linker stubs

.iplt           0x000065d4        0x0
 .iplt          0x000065d4        0x0 d:/siliconlabs/simplicitystudio/v4/developer/toolchains/gnu_arm/7.2_2017q4/bin/../lib/gcc/arm-none-eabi/7.2.1/thumb/v7e-m/fpv4-sp/softfp/crtbegin.o

.ARM.extab
 *(.ARM.extab* .gnu.linkonce.armextab.*)
                0x000065d4                __exidx_start = .

.ARM.exidx      0x000065d4        0x8
 *(.ARM.exidx* .gnu.linkonce.armexidx.*)
 .ARM.exidx     0x000065d4        0x8 d:/siliconlabs/simplicitystudio/v4/developer/toolchains/gnu_arm/7.2_2017q4/bin/../lib/gcc/arm-none-eabi/7.2.1/../../../../arm-none-eabi/lib/thumb/v7e-m/fpv4-sp/softfp/crt0.o
 .ARM.exidx     0x000065dc        0x0 d:/siliconlabs/simplicitystudio/v4/developer/toolchains/gnu_arm/7.2_2017q4/bin/../lib/gcc/arm-none-eabi/7.2.1/thumb/v7e-m/fpv4-sp/softfp\libgcc.a(_udivmoddi4.o)
                                  0x8 (size before relaxing)
                0x000065dc                __exidx_end = .
                0x000065dc                __etext = .

.rel.dyn        0x000065dc        0x0
 .rel.iplt      0x000065dc        0x0 d:/siliconlabs/simplicitystudio/v4/developer/toolchains/gnu_arm/7.2_2017q4/bin/../lib/gcc/arm-none-eabi/7.2.1/thumb/v7e-m/fpv4-sp/softfp/crtbegin.o

.data           0x20000000       0x7c load address 0x000065dc
                0x20000000                __data_start__ = .
 *(vtable)
 *(.data*)
 .data.SystemHFXOClock
                0x20000000        0x4 ./CMSIS/EFM32GG11B/system_efm32gg11b.o
 .data.SystemLFXOClock
                0x20000004        0x4 ./CMSIS/EFM32GG11B/system_efm32gg11b.o
 .data.SystemCoreClock
                0x20000008        0x4 ./CMSIS/EFM32GG11B/system_efm32gg11b.o
                0x20000008                SystemCoreClock
 .data.SystemHfrcoFreq
                0x2000000c        0x4 ./CMSIS/EFM32GG11B/system_efm32gg11b.o
                0x2000000c                SystemHfrcoFreq
 .data._impure_ptr
                0x20000010        0x4 d:/siliconlabs/simplicitystudio/v4/developer/toolchains/gnu_arm/7.2_2017q4/bin/../lib/gcc/arm-none-eabi/7.2.1/../../../../arm-none-eabi/lib/thumb/v7e-m/fpv4-sp/softfp\libc_nano.a(lib_a-impure.o)
                0x20000010                _impure_ptr
 .data.impure_data
                0x20000014       0x60 d:/siliconlabs/simplicitystudio/v4/developer/toolchains/gnu_arm/7.2_2017q4/bin/../lib/gcc/arm-none-eabi/7.2.1/../../../../arm-none-eabi/lib/thumb/v7e-m/fpv4-sp/softfp\libc_nano.a(lib_a-impure.o)
                0x20000074                . = ALIGN (0x4)
                [!provide]                PROVIDE (__ram_func_section_start, .)
 *(.ram)
                [!provide]                PROVIDE (__ram_func_section_end, .)
                0x20000074                . = ALIGN (0x4)
                0x20000074                PROVIDE (__preinit_array_start, .)
 *(.preinit_array)
                0x20000074                PROVIDE (__preinit_array_end, .)
                0x20000074                . = ALIGN (0x4)
                0x20000074                PROVIDE (__init_array_start, .)
 *(SORT_BY_NAME(.init_array.*))
 *(.init_array)
 .init_array    0x20000074        0x4 d:/siliconlabs/simplicitystudio/v4/developer/toolchains/gnu_arm/7.2_2017q4/bin/../lib/gcc/arm-none-eabi/7.2.1/thumb/v7e-m/fpv4-sp/softfp/crtbegin.o
                0x20000078                PROVIDE (__init_array_end, .)
                0x20000078                . = ALIGN (0x4)
                [!provide]                PROVIDE (__fini_array_start, .)
 *(SORT_BY_NAME(.fini_array.*))
 *(.fini_array)
 .fini_array    0x20000078        0x4 d:/siliconlabs/simplicitystudio/v4/developer/toolchains/gnu_arm/7.2_2017q4/bin/../lib/gcc/arm-none-eabi/7.2.1/thumb/v7e-m/fpv4-sp/softfp/crtbegin.o
                [!provide]                PROVIDE (__fini_array_end, .)
 *(.jcr*)
                0x2000007c                . = ALIGN (0x4)
                0x2000007c                __data_end__ = .

.igot.plt       0x2000007c        0x0 load address 0x00006658
 .igot.plt      0x2000007c        0x0 d:/siliconlabs/simplicitystudio/v4/developer/toolchains/gnu_arm/7.2_2017q4/bin/../lib/gcc/arm-none-eabi/7.2.1/thumb/v7e-m/fpv4-sp/softfp/crtbegin.o

.bss            0x2000007c      0x8d8 load address 0x00006658
                0x2000007c                . = ALIGN (0x4)
                0x2000007c                __bss_start__ = .
 *(.bss*)
 .bss           0x2000007c       0x1c d:/siliconlabs/simplicitystudio/v4/developer/toolchains/gnu_arm/7.2_2017q4/bin/../lib/gcc/arm-none-eabi/7.2.1/thumb/v7e-m/fpv4-sp/softfp/crtbegin.o
 .bss.vScaleEM01Config
                0x20000098        0x1 ./src/em_emu.o
 .bss.calib_start
                0x20000099        0x1 ./src/inputs.o
                0x20000099                calib_start
 .bss.calib_stop
                0x2000009a        0x1 ./src/inputs.o
                0x2000009a                calib_stop
 *fill*         0x2000009b        0x1 
 .bss.calib_start_counter
                0x2000009c        0x4 ./src/inputs.o
                0x2000009c                calib_start_counter
 .bss.calib_stop_counter
                0x200000a0        0x4 ./src/inputs.o
                0x200000a0                calib_stop_counter
 .bss.calib_bits
                0x200000a4        0x2 ./src/inputs.o
                0x200000a4                calib_bits
 *fill*         0x200000a6        0x2 
 .bss.calib_count_per_bit
                0x200000a8        0x4 ./src/inputs.o
                0x200000a8                calib_count_per_bit
 .bss.rx_state  0x200000ac        0x1 ./src/pocsag.o
 *fill*         0x200000ad        0x3 
 .bss.shiftReg  0x200000b0        0x4 ./src/pocsag.o
 .bss.bitCounter
                0x200000b4        0x2 ./src/pocsag.o
 *fill*         0x200000b6        0x2 
 .bss.bitBuffer
                0x200000b8        0x4 ./src/pocsag.o
 .bss.bitsInBuffer
                0x200000bc        0x1 ./src/pocsag.o
 .bss.tx_state  0x200000bd        0x1 ./src/pocsag.o
 .bss.number_of_tx
                0x200000be        0x2 ./src/pocsag.o
 .bss.number_of_words
                0x200000c0        0x2 ./src/pocsag.o
 .bss.wordsInBatch.8963
                0x200000c2        0x1 ./src/pocsag.o
 .bss.timer0_count
                0x200000c3        0x1 ./src/timer0.o
 .bss.rxIndex2  0x200000c4        0x2 ./src/uart0.o
                0x200000c4                rxIndex2
 .bss.rxIndex3  0x200000c6        0x2 ./src/uart1.o
                0x200000c6                rxIndex3
 .bss.rxIndex1  0x200000c8        0x2 ./src/usart0.o
                0x200000c8                rxIndex1
 *fill*         0x200000ca        0x2 
 .bss.__malloc_free_list
                0x200000cc        0x4 d:/siliconlabs/simplicitystudio/v4/developer/toolchains/gnu_arm/7.2_2017q4/bin/../lib/gcc/arm-none-eabi/7.2.1/../../../../arm-none-eabi/lib/thumb/v7e-m/fpv4-sp/softfp\libc_nano.a(lib_a-nano-mallocr.o)
                0x200000cc                __malloc_free_list
 .bss.__malloc_sbrk_start
                0x200000d0        0x4 d:/siliconlabs/simplicitystudio/v4/developer/toolchains/gnu_arm/7.2_2017q4/bin/../lib/gcc/arm-none-eabi/7.2.1/../../../../arm-none-eabi/lib/thumb/v7e-m/fpv4-sp/softfp\libc_nano.a(lib_a-nano-mallocr.o)
                0x200000d0                __malloc_sbrk_start
 .bss.heap_end.5377
                0x200000d4        0x4 d:/siliconlabs/simplicitystudio/v4/developer/toolchains/gnu_arm/7.2_2017q4/bin/../lib/gcc/arm-none-eabi/7.2.1/../../../../arm-none-eabi/lib/thumb/v7e-m/fpv4-sp/softfp\libnosys.a(sbrk.o)
 *(COMMON)
 COMMON         0x200000d8       0x52 ./src/parameters.o
                0x200000d8                param
 *fill*         0x2000012a        0x2 
 COMMON         0x2000012c      0x518 ./src/pocsag.o
                0x2000012c                tx_token
                0x200003b8                rx_token
 COMMON         0x20000644        0x5 ./src/timer0.o
                0x20000644                SecondCounter
                0x20000648                IsSecond
 *fill*         0x20000649        0x3 
 COMMON         0x2000064c      0x100 ./src/uart0.o
                0x2000064c                rxBuffer2
 COMMON         0x2000074c      0x101 ./src/uart1.o
                0x2000074c                rxBuffer3
                0x2000084c                tci_cmd
 *fill*         0x2000084d        0x3 
 COMMON         0x20000850      0x100 ./src/usart0.o
                0x20000850                rxBuffer1
 COMMON         0x20000950        0x4 d:/siliconlabs/simplicitystudio/v4/developer/toolchains/gnu_arm/7.2_2017q4/bin/../lib/gcc/arm-none-eabi/7.2.1/../../../../arm-none-eabi/lib/thumb/v7e-m/fpv4-sp/softfp\libc_nano.a(lib_a-reent.o)
                0x20000950                errno
                0x20000954                . = ALIGN (0x4)
                0x20000954                __bss_end__ = .

.heap           0x20000958      0xc00
                0x20000958                __HeapBase = .
                0x20000958                __end__ = .
                0x20000958                end = __end__
                0x20000958                _end = __end__
 *(.heap*)
 .heap          0x20000958      0xc00 ./CMSIS/EFM32GG11B/startup_efm32gg11b.o
                0x20001558                __HeapLimit = .

.stack_dummy    0x20000958      0x400
 *(.stack*)
 .stack         0x20000958      0x400 ./CMSIS/EFM32GG11B/startup_efm32gg11b.o
                0x20080000                __StackTop = (ORIGIN (RAM) + LENGTH (RAM))
                0x2007fc00                __StackLimit = (__StackTop - SIZEOF (.stack_dummy))
                0x20080000                PROVIDE (__stack, __StackTop)
                0x00000001                ASSERT ((__StackLimit >= __HeapLimit), region RAM overflowed with stack)
                0x00000001                ASSERT ((LENGTH (FLASH) >= (__etext + SIZEOF (.data))), FLASH memory overflowed !)
OUTPUT(3xUART_on_QFP64.axf elf32-littlearm)

.ARM.attributes
                0x00000000       0x2e
 .ARM.attributes
                0x00000000       0x22 d:/siliconlabs/simplicitystudio/v4/developer/toolchains/gnu_arm/7.2_2017q4/bin/../lib/gcc/arm-none-eabi/7.2.1/thumb/v7e-m/fpv4-sp/softfp/crti.o
 .ARM.attributes
                0x00000022       0x32 d:/siliconlabs/simplicitystudio/v4/developer/toolchains/gnu_arm/7.2_2017q4/bin/../lib/gcc/arm-none-eabi/7.2.1/thumb/v7e-m/fpv4-sp/softfp/crtbegin.o
 .ARM.attributes
                0x00000054       0x20 d:/siliconlabs/simplicitystudio/v4/developer/toolchains/gnu_arm/7.2_2017q4/bin/../lib/gcc/arm-none-eabi/7.2.1/../../../../arm-none-eabi/lib/thumb/v7e-m/fpv4-sp/softfp/crt0.o
 .ARM.attributes
                0x00000074       0x37 ./src/em_cmu.o
 .ARM.attributes
                0x000000ab       0x37 ./src/em_gpio.o
 .ARM.attributes
                0x000000e2       0x37 ./src/em_usart.o
 .ARM.attributes
                0x00000119       0x37 ./src/main.o
 .ARM.attributes
                0x00000150       0x1f ./CMSIS/EFM32GG11B/startup_efm32gg11b.o
 .ARM.attributes
                0x0000016f       0x37 ./CMSIS/EFM32GG11B/system_efm32gg11b.o
 .ARM.attributes
                0x000001a6       0x37 ./src/em_emu.o
 .ARM.attributes
                0x000001dd       0x37 ./src/em_timer.o
 .ARM.attributes
                0x00000214       0x37 ./src/inputs.o
 .ARM.attributes
                0x0000024b       0x37 ./src/led.o
 .ARM.attributes
                0x00000282       0x37 ./src/parameters.o
 .ARM.attributes
                0x000002b9       0x37 ./src/pocsag.o
 .ARM.attributes
                0x000002f0       0x37 ./src/timer0.o
 .ARM.attributes
                0x00000327       0x37 ./src/timer1.o
 .ARM.attributes
                0x0000035e       0x37 ./src/uart0.o
 .ARM.attributes
                0x00000395       0x37 ./src/uart1.o
 .ARM.attributes
                0x000003cc       0x37 ./src/usart0.o
 .ARM.attributes
                0x00000403       0x37 ./src/wtimer0.o
 .ARM.attributes
                0x0000043a       0x22 d:/siliconlabs/simplicitystudio/v4/developer/toolchains/gnu_arm/7.2_2017q4/bin/../lib/gcc/arm-none-eabi/7.2.1/thumb/v7e-m/fpv4-sp/softfp\libgcc.a(_aeabi_uldivmod.o)
 .ARM.attributes
                0x0000045c       0x32 d:/siliconlabs/simplicitystudio/v4/developer/toolchains/gnu_arm/7.2_2017q4/bin/../lib/gcc/arm-none-eabi/7.2.1/thumb/v7e-m/fpv4-sp/softfp\libgcc.a(_udivmoddi4.o)
 .ARM.attributes
                0x0000048e       0x22 d:/siliconlabs/simplicitystudio/v4/developer/toolchains/gnu_arm/7.2_2017q4/bin/../lib/gcc/arm-none-eabi/7.2.1/thumb/v7e-m/fpv4-sp/softfp\libgcc.a(_dvmd_tls.o)
 .ARM.attributes
                0x000004b0       0x32 d:/siliconlabs/simplicitystudio/v4/developer/toolchains/gnu_arm/7.2_2017q4/bin/../lib/gcc/arm-none-eabi/7.2.1/../../../../arm-none-eabi/lib/thumb/v7e-m/fpv4-sp/softfp\libc_nano.a(lib_a-exit.o)
 .ARM.attributes
                0x000004e2       0x32 d:/siliconlabs/simplicitystudio/v4/developer/toolchains/gnu_arm/7.2_2017q4/bin/../lib/gcc/arm-none-eabi/7.2.1/../../../../arm-none-eabi/lib/thumb/v7e-m/fpv4-sp/softfp\libc_nano.a(lib_a-impure.o)
 .ARM.attributes
                0x00000514       0x32 d:/siliconlabs/simplicitystudio/v4/developer/toolchains/gnu_arm/7.2_2017q4/bin/../lib/gcc/arm-none-eabi/7.2.1/../../../../arm-none-eabi/lib/thumb/v7e-m/fpv4-sp/softfp\libc_nano.a(lib_a-init.o)
 .ARM.attributes
                0x00000546       0x32 d:/siliconlabs/simplicitystudio/v4/developer/toolchains/gnu_arm/7.2_2017q4/bin/../lib/gcc/arm-none-eabi/7.2.1/../../../../arm-none-eabi/lib/thumb/v7e-m/fpv4-sp/softfp\libc_nano.a(lib_a-memcpy-stub.o)
 .ARM.attributes
                0x00000578       0x32 d:/siliconlabs/simplicitystudio/v4/developer/toolchains/gnu_arm/7.2_2017q4/bin/../lib/gcc/arm-none-eabi/7.2.1/../../../../arm-none-eabi/lib/thumb/v7e-m/fpv4-sp/softfp\libc_nano.a(lib_a-memset.o)
 .ARM.attributes
                0x000005aa       0x32 d:/siliconlabs/simplicitystudio/v4/developer/toolchains/gnu_arm/7.2_2017q4/bin/../lib/gcc/arm-none-eabi/7.2.1/../../../../arm-none-eabi/lib/thumb/v7e-m/fpv4-sp/softfp\libc_nano.a(lib_a-sprintf.o)
 .ARM.attributes
                0x000005dc       0x1b d:/siliconlabs/simplicitystudio/v4/developer/toolchains/gnu_arm/7.2_2017q4/bin/../lib/gcc/arm-none-eabi/7.2.1/../../../../arm-none-eabi/lib/thumb/v7e-m/fpv4-sp/softfp\libc_nano.a(lib_a-strlen.o)
 .ARM.attributes
                0x000005f7       0x32 d:/siliconlabs/simplicitystudio/v4/developer/toolchains/gnu_arm/7.2_2017q4/bin/../lib/gcc/arm-none-eabi/7.2.1/../../../../arm-none-eabi/lib/thumb/v7e-m/fpv4-sp/softfp\libc_nano.a(lib_a-nano-svfprintf.o)
 .ARM.attributes
                0x00000629       0x32 d:/siliconlabs/simplicitystudio/v4/developer/toolchains/gnu_arm/7.2_2017q4/bin/../lib/gcc/arm-none-eabi/7.2.1/../../../../arm-none-eabi/lib/thumb/v7e-m/fpv4-sp/softfp\libc_nano.a(lib_a-nano-vfprintf_i.o)
 .ARM.attributes
                0x0000065b       0x20 d:/siliconlabs/simplicitystudio/v4/developer/toolchains/gnu_arm/7.2_2017q4/bin/../lib/gcc/arm-none-eabi/7.2.1/../../../../arm-none-eabi/lib/thumb/v7e-m/fpv4-sp/softfp\libc_nano.a(lib_a-memchr.o)
 .ARM.attributes
                0x0000067b       0x32 d:/siliconlabs/simplicitystudio/v4/developer/toolchains/gnu_arm/7.2_2017q4/bin/../lib/gcc/arm-none-eabi/7.2.1/../../../../arm-none-eabi/lib/thumb/v7e-m/fpv4-sp/softfp\libc_nano.a(lib_a-memmove.o)
 .ARM.attributes
                0x000006ad       0x32 d:/siliconlabs/simplicitystudio/v4/developer/toolchains/gnu_arm/7.2_2017q4/bin/../lib/gcc/arm-none-eabi/7.2.1/../../../../arm-none-eabi/lib/thumb/v7e-m/fpv4-sp/softfp\libc_nano.a(lib_a-nano-freer.o)
 .ARM.attributes
                0x000006df       0x32 d:/siliconlabs/simplicitystudio/v4/developer/toolchains/gnu_arm/7.2_2017q4/bin/../lib/gcc/arm-none-eabi/7.2.1/../../../../arm-none-eabi/lib/thumb/v7e-m/fpv4-sp/softfp\libc_nano.a(lib_a-nano-mallocr.o)
 .ARM.attributes
                0x00000711       0x32 d:/siliconlabs/simplicitystudio/v4/developer/toolchains/gnu_arm/7.2_2017q4/bin/../lib/gcc/arm-none-eabi/7.2.1/../../../../arm-none-eabi/lib/thumb/v7e-m/fpv4-sp/softfp\libc_nano.a(lib_a-nano-reallocr.o)
 .ARM.attributes
                0x00000743       0x32 d:/siliconlabs/simplicitystudio/v4/developer/toolchains/gnu_arm/7.2_2017q4/bin/../lib/gcc/arm-none-eabi/7.2.1/../../../../arm-none-eabi/lib/thumb/v7e-m/fpv4-sp/softfp\libc_nano.a(lib_a-sbrkr.o)
 .ARM.attributes
                0x00000775       0x32 d:/siliconlabs/simplicitystudio/v4/developer/toolchains/gnu_arm/7.2_2017q4/bin/../lib/gcc/arm-none-eabi/7.2.1/../../../../arm-none-eabi/lib/thumb/v7e-m/fpv4-sp/softfp\libc_nano.a(lib_a-mlock.o)
 .ARM.attributes
                0x000007a7       0x32 d:/siliconlabs/simplicitystudio/v4/developer/toolchains/gnu_arm/7.2_2017q4/bin/../lib/gcc/arm-none-eabi/7.2.1/../../../../arm-none-eabi/lib/thumb/v7e-m/fpv4-sp/softfp\libc_nano.a(lib_a-nano-msizer.o)
 .ARM.attributes
                0x000007d9       0x32 d:/siliconlabs/simplicitystudio/v4/developer/toolchains/gnu_arm/7.2_2017q4/bin/../lib/gcc/arm-none-eabi/7.2.1/../../../../arm-none-eabi/lib/thumb/v7e-m/fpv4-sp/softfp\libc_nano.a(lib_a-reent.o)
 .ARM.attributes
                0x0000080b       0x32 d:/siliconlabs/simplicitystudio/v4/developer/toolchains/gnu_arm/7.2_2017q4/bin/../lib/gcc/arm-none-eabi/7.2.1/../../../../arm-none-eabi/lib/thumb/v7e-m/fpv4-sp/softfp\libnosys.a(sbrk.o)
 .ARM.attributes
                0x0000083d       0x32 d:/siliconlabs/simplicitystudio/v4/developer/toolchains/gnu_arm/7.2_2017q4/bin/../lib/gcc/arm-none-eabi/7.2.1/../../../../arm-none-eabi/lib/thumb/v7e-m/fpv4-sp/softfp\libnosys.a(_exit.o)
 .ARM.attributes
                0x0000086f       0x32 d:/siliconlabs/simplicitystudio/v4/developer/toolchains/gnu_arm/7.2_2017q4/bin/../lib/gcc/arm-none-eabi/7.2.1/thumb/v7e-m/fpv4-sp/softfp/crtend.o
 .ARM.attributes
                0x000008a1       0x22 d:/siliconlabs/simplicitystudio/v4/developer/toolchains/gnu_arm/7.2_2017q4/bin/../lib/gcc/arm-none-eabi/7.2.1/thumb/v7e-m/fpv4-sp/softfp/crtn.o

.comment        0x00000000       0x7e
 .comment       0x00000000       0x7e ./src/em_cmu.o
                                 0x7f (size before relaxing)
 .comment       0x0000007e       0x7f ./src/em_gpio.o
 .comment       0x0000007e       0x7f ./src/em_usart.o
 .comment       0x0000007e       0x7f ./src/main.o
 .comment       0x0000007e       0x7f ./CMSIS/EFM32GG11B/system_efm32gg11b.o
 .comment       0x0000007e       0x7f ./src/em_emu.o
 .comment       0x0000007e       0x7f ./src/em_timer.o
 .comment       0x0000007e       0x7f ./src/inputs.o
 .comment       0x0000007e       0x7f ./src/led.o
 .comment       0x0000007e       0x7f ./src/parameters.o
 .comment       0x0000007e       0x7f ./src/pocsag.o
 .comment       0x0000007e       0x7f ./src/timer0.o
 .comment       0x0000007e       0x7f ./src/timer1.o
 .comment       0x0000007e       0x7f ./src/uart0.o
 .comment       0x0000007e       0x7f ./src/uart1.o
 .comment       0x0000007e       0x7f ./src/usart0.o
 .comment       0x0000007e       0x7f ./src/wtimer0.o

.debug_info     0x00000000    0x12d41
 .debug_info    0x00000000     0x2b25 ./src/em_cmu.o
 .debug_info    0x00002b25      0xb7b ./src/em_gpio.o
 .debug_info    0x000036a0     0x11ab ./src/em_usart.o
 .debug_info    0x0000484b     0x1ee4 ./src/main.o
 .debug_info    0x0000672f       0x26 ./CMSIS/EFM32GG11B/startup_efm32gg11b.o
 .debug_info    0x00006755      0x9c4 ./CMSIS/EFM32GG11B/system_efm32gg11b.o
 .debug_info    0x00007119     0x3079 ./src/em_emu.o
 .debug_info    0x0000a192      0xa30 ./src/em_timer.o
 .debug_info    0x0000abc2      0xffd ./src/inputs.o
 .debug_info    0x0000bbbf      0x9d9 ./src/led.o
 .debug_info    0x0000c598      0xb60 ./src/parameters.o
 .debug_info    0x0000d0f8     0x1a46 ./src/pocsag.o
 .debug_info    0x0000eb3e      0xa8a ./src/timer0.o
 .debug_info    0x0000f5c8      0xb89 ./src/timer1.o
 .debug_info    0x00010151      0xb95 ./src/uart0.o
 .debug_info    0x00010ce6      0xbd7 ./src/uart1.o
 .debug_info    0x000118bd      0xbdc ./src/usart0.o
 .debug_info    0x00012499      0x8a8 ./src/wtimer0.o

.debug_abbrev   0x00000000     0x2858
 .debug_abbrev  0x00000000      0x356 ./src/em_cmu.o
 .debug_abbrev  0x00000356      0x24d ./src/em_gpio.o
 .debug_abbrev  0x000005a3      0x239 ./src/em_usart.o
 .debug_abbrev  0x000007dc      0x2fa ./src/main.o
 .debug_abbrev  0x00000ad6       0x14 ./CMSIS/EFM32GG11B/startup_efm32gg11b.o
 .debug_abbrev  0x00000aea      0x1ed ./CMSIS/EFM32GG11B/system_efm32gg11b.o
 .debug_abbrev  0x00000cd7      0x35b ./src/em_emu.o
 .debug_abbrev  0x00001032      0x234 ./src/em_timer.o
 .debug_abbrev  0x00001266      0x2ad ./src/inputs.o
 .debug_abbrev  0x00001513      0x1ce ./src/led.o
 .debug_abbrev  0x000016e1      0x1d0 ./src/parameters.o
 .debug_abbrev  0x000018b1      0x394 ./src/pocsag.o
 .debug_abbrev  0x00001c45      0x1f9 ./src/timer0.o
 .debug_abbrev  0x00001e3e      0x213 ./src/timer1.o
 .debug_abbrev  0x00002051      0x202 ./src/uart0.o
 .debug_abbrev  0x00002253      0x202 ./src/uart1.o
 .debug_abbrev  0x00002455      0x22b ./src/usart0.o
 .debug_abbrev  0x00002680      0x1d8 ./src/wtimer0.o

.debug_loc      0x00000000     0x5bfc
 .debug_loc     0x00000000     0x1400 ./src/em_cmu.o
 .debug_loc     0x00001400      0x4b4 ./src/em_gpio.o
 .debug_loc     0x000018b4      0x7da ./src/em_usart.o
 .debug_loc     0x0000208e      0x30a ./src/main.o
 .debug_loc     0x00002398      0x2e4 ./CMSIS/EFM32GG11B/system_efm32gg11b.o
 .debug_loc     0x0000267c     0x1506 ./src/em_emu.o
 .debug_loc     0x00003b82      0x2e8 ./src/em_timer.o
 .debug_loc     0x00003e6a      0x414 ./src/inputs.o
 .debug_loc     0x0000427e      0x4f8 ./src/led.o
 .debug_loc     0x00004776       0xae ./src/parameters.o
 .debug_loc     0x00004824      0x73c ./src/pocsag.o
 .debug_loc     0x00004f60      0x1dc ./src/timer0.o
 .debug_loc     0x0000513c      0x264 ./src/timer1.o
 .debug_loc     0x000053a0      0x23c ./src/uart0.o
 .debug_loc     0x000055dc      0x28c ./src/uart1.o
 .debug_loc     0x00005868      0x298 ./src/usart0.o
 .debug_loc     0x00005b00       0xfc ./src/wtimer0.o

.debug_aranges  0x00000000      0xb40
 .debug_aranges
                0x00000000      0x218 ./src/em_cmu.o
 .debug_aranges
                0x00000218       0x88 ./src/em_gpio.o
 .debug_aranges
                0x000002a0       0xd0 ./src/em_usart.o
 .debug_aranges
                0x00000370       0x68 ./src/main.o
 .debug_aranges
                0x000003d8       0x20 ./CMSIS/EFM32GG11B/startup_efm32gg11b.o
 .debug_aranges
                0x000003f8       0x68 ./CMSIS/EFM32GG11B/system_efm32gg11b.o
 .debug_aranges
                0x00000460      0x238 ./src/em_emu.o
 .debug_aranges
                0x00000698       0x60 ./src/em_timer.o
 .debug_aranges
                0x000006f8       0x90 ./src/inputs.o
 .debug_aranges
                0x00000788       0xd8 ./src/led.o
 .debug_aranges
                0x00000860       0x28 ./src/parameters.o
 .debug_aranges
                0x00000888       0xd8 ./src/pocsag.o
 .debug_aranges
                0x00000960       0x50 ./src/timer0.o
 .debug_aranges
                0x000009b0       0x60 ./src/timer1.o
 .debug_aranges
                0x00000a10       0x50 ./src/uart0.o
 .debug_aranges
                0x00000a60       0x58 ./src/uart1.o
 .debug_aranges
                0x00000ab8       0x58 ./src/usart0.o
 .debug_aranges
                0x00000b10       0x30 ./src/wtimer0.o

.debug_ranges   0x00000000      0xa10
 .debug_ranges  0x00000000      0x208 ./src/em_cmu.o
 .debug_ranges  0x00000208       0x78 ./src/em_gpio.o
 .debug_ranges  0x00000280       0xc0 ./src/em_usart.o
 .debug_ranges  0x00000340       0x58 ./src/main.o
 .debug_ranges  0x00000398       0x58 ./CMSIS/EFM32GG11B/system_efm32gg11b.o
 .debug_ranges  0x000003f0      0x228 ./src/em_emu.o
 .debug_ranges  0x00000618       0x50 ./src/em_timer.o
 .debug_ranges  0x00000668       0x80 ./src/inputs.o
 .debug_ranges  0x000006e8       0xc8 ./src/led.o
 .debug_ranges  0x000007b0       0x18 ./src/parameters.o
 .debug_ranges  0x000007c8       0xc8 ./src/pocsag.o
 .debug_ranges  0x00000890       0x40 ./src/timer0.o
 .debug_ranges  0x000008d0       0x50 ./src/timer1.o
 .debug_ranges  0x00000920       0x40 ./src/uart0.o
 .debug_ranges  0x00000960       0x48 ./src/uart1.o
 .debug_ranges  0x000009a8       0x48 ./src/usart0.o
 .debug_ranges  0x000009f0       0x20 ./src/wtimer0.o

.debug_macro    0x00000000    0x4ce0e
 .debug_macro   0x00000000      0x419 ./src/em_cmu.o
 .debug_macro   0x00000419      0xa48 ./src/em_cmu.o
 .debug_macro   0x00000e61      0x5c8 ./src/em_cmu.o
 .debug_macro   0x00001429       0x22 ./src/em_cmu.o
 .debug_macro   0x0000144b       0x4f ./src/em_cmu.o
 .debug_macro   0x0000149a       0x51 ./src/em_cmu.o
 .debug_macro   0x000014eb       0xef ./src/em_cmu.o
 .debug_macro   0x000015da       0x6a ./src/em_cmu.o
 .debug_macro   0x00001644      0x1df ./src/em_cmu.o
 .debug_macro   0x00001823       0x1c ./src/em_cmu.o
 .debug_macro   0x0000183f       0x22 ./src/em_cmu.o
 .debug_macro   0x00001861       0xdf ./src/em_cmu.o
 .debug_macro   0x00001940      0xff5 ./src/em_cmu.o
 .debug_macro   0x00002935       0xe2 ./src/em_cmu.o
 .debug_macro   0x00002a17     0x12b5 ./src/em_cmu.o
 .debug_macro   0x00003ccc     0x3006 ./src/em_cmu.o
 .debug_macro   0x00006cd2      0x34c ./src/em_cmu.o
 .debug_macro   0x0000701e     0x4214 ./src/em_cmu.o
 .debug_macro   0x0000b232     0x1b58 ./src/em_cmu.o
 .debug_macro   0x0000cd8a     0x3243 ./src/em_cmu.o
 .debug_macro   0x0000ffcd     0x2922 ./src/em_cmu.o
 .debug_macro   0x000128ef     0x3445 ./src/em_cmu.o
 .debug_macro   0x00015d34     0x2f71 ./src/em_cmu.o
 .debug_macro   0x00018ca5     0x269d ./src/em_cmu.o
 .debug_macro   0x0001b342     0x27d9 ./src/em_cmu.o
 .debug_macro   0x0001db1b     0x1181 ./src/em_cmu.o
 .debug_macro   0x0001ec9c      0x344 ./src/em_cmu.o
 .debug_macro   0x0001efe0      0x29d ./src/em_cmu.o
 .debug_macro   0x0001f27d      0xda8 ./src/em_cmu.o
 .debug_macro   0x00020025     0x2078 ./src/em_cmu.o
 .debug_macro   0x0002209d     0x2c38 ./src/em_cmu.o
 .debug_macro   0x00024cd5     0x1850 ./src/em_cmu.o
 .debug_macro   0x00026525     0x113b ./src/em_cmu.o
 .debug_macro   0x00027660      0xd3a ./src/em_cmu.o
 .debug_macro   0x0002839a      0x249 ./src/em_cmu.o
 .debug_macro   0x000285e3      0xf9a ./src/em_cmu.o
 .debug_macro   0x0002957d     0x1365 ./src/em_cmu.o
 .debug_macro   0x0002a8e2     0x3e07 ./src/em_cmu.o
 .debug_macro   0x0002e6e9     0x22ba ./src/em_cmu.o
 .debug_macro   0x000309a3     0x2b5d ./src/em_cmu.o
 .debug_macro   0x00033500     0x4a80 ./src/em_cmu.o
 .debug_macro   0x00037f80      0x7b4 ./src/em_cmu.o
 .debug_macro   0x00038734     0x17a8 ./src/em_cmu.o
 .debug_macro   0x00039edc      0xca4 ./src/em_cmu.o
 .debug_macro   0x0003ab80      0x1ea ./src/em_cmu.o
 .debug_macro   0x0003ad6a     0x109d ./src/em_cmu.o
 .debug_macro   0x0003be07      0x76b ./src/em_cmu.o
 .debug_macro   0x0003c572     0x1021 ./src/em_cmu.o
 .debug_macro   0x0003d593      0xd60 ./src/em_cmu.o
 .debug_macro   0x0003e2f3      0x4ff ./src/em_cmu.o
 .debug_macro   0x0003e7f2     0x26df ./src/em_cmu.o
 .debug_macro   0x00040ed1       0x40 ./src/em_cmu.o
 .debug_macro   0x00040f11      0x433 ./src/em_cmu.o
 .debug_macro   0x00041344      0x556 ./src/em_cmu.o
 .debug_macro   0x0004189a      0x2bd ./src/em_cmu.o
 .debug_macro   0x00041b57     0x20a3 ./src/em_cmu.o
 .debug_macro   0x00043bfa     0x2c10 ./src/em_cmu.o
 .debug_macro   0x0004680a       0x35 ./src/em_cmu.o
 .debug_macro   0x0004683f      0x915 ./src/em_cmu.o
 .debug_macro   0x00047154      0x915 ./src/em_cmu.o
 .debug_macro   0x00047a69       0x22 ./src/em_cmu.o
 .debug_macro   0x00047a8b       0x10 ./src/em_cmu.o
 .debug_macro   0x00047a9b       0xe4 ./src/em_cmu.o
 .debug_macro   0x00047b7f       0x69 ./src/em_cmu.o
 .debug_macro   0x00047be8      0x36f ./src/em_cmu.o
 .debug_macro   0x00047f57      0x16d ./src/em_cmu.o
 .debug_macro   0x000480c4       0x58 ./src/em_cmu.o
 .debug_macro   0x0004811c      0x34d ./src/em_cmu.o
 .debug_macro   0x00048469       0x25 ./src/em_cmu.o
 .debug_macro   0x0004848e       0xee ./src/em_cmu.o
 .debug_macro   0x0004857c       0x8e ./src/em_cmu.o
 .debug_macro   0x0004860a      0x30e ./src/em_gpio.o
 .debug_macro   0x00048918      0x358 ./src/em_usart.o
 .debug_macro   0x00048c70       0xeb ./src/em_usart.o
 .debug_macro   0x00048d5b      0x49a ./src/main.o
 .debug_macro   0x000491f5       0x52 ./src/main.o
 .debug_macro   0x00049247       0x17 ./src/main.o
 .debug_macro   0x0004925e       0x55 ./src/main.o
 .debug_macro   0x000492b3       0x35 ./src/main.o
 .debug_macro   0x000492e8       0x9c ./src/main.o
 .debug_macro   0x00049384       0x16 ./src/main.o
 .debug_macro   0x0004939a       0x57 ./src/main.o
 .debug_macro   0x000493f1       0x97 ./src/main.o
 .debug_macro   0x00049488      0x353 ./src/main.o
 .debug_macro   0x000497db       0xf6 ./src/main.o
 .debug_macro   0x000498d1       0x10 ./src/main.o
 .debug_macro   0x000498e1       0x58 ./src/main.o
 .debug_macro   0x00049939       0x1f ./src/main.o
 .debug_macro   0x00049958       0x43 ./src/main.o
 .debug_macro   0x0004999b       0x20 ./src/main.o
 .debug_macro   0x000499bb      0x18e ./src/main.o
 .debug_macro   0x00049b49       0x10 ./src/main.o
 .debug_macro   0x00049b59       0xb6 ./src/main.o
 .debug_macro   0x00049c0f       0x16 ./src/main.o
 .debug_macro   0x00049c25      0x129 ./src/main.o
 .debug_macro   0x00049d4e       0xd9 ./src/main.o
 .debug_macro   0x00049e27       0xf1 ./src/main.o
 .debug_macro   0x00049f18       0xac ./src/main.o
 .debug_macro   0x00049fc4       0x16 ./src/main.o
 .debug_macro   0x00049fda       0x16 ./src/main.o
 .debug_macro   0x00049ff0       0x10 ./src/main.o
 .debug_macro   0x0004a000       0x22 ./src/main.o
 .debug_macro   0x0004a022      0x2fb ./CMSIS/EFM32GG11B/system_efm32gg11b.o
 .debug_macro   0x0004a31d      0x461 ./src/em_emu.o
 .debug_macro   0x0004a77e       0x88 ./src/em_emu.o
 .debug_macro   0x0004a806       0xba ./src/em_emu.o
 .debug_macro   0x0004a8c0       0x34 ./src/em_emu.o
 .debug_macro   0x0004a8f4      0x2f8 ./src/em_timer.o
 .debug_macro   0x0004abec       0x79 ./src/em_timer.o
 .debug_macro   0x0004ac65      0x350 ./src/inputs.o
 .debug_macro   0x0004afb5       0x7f ./src/inputs.o
 .debug_macro   0x0004b034      0x33b ./src/led.o
 .debug_macro   0x0004b36f       0xa6 ./src/led.o
 .debug_macro   0x0004b415      0x16a ./src/parameters.o
 .debug_macro   0x0004b57f       0x10 ./src/parameters.o
 .debug_macro   0x0004b58f      0x45c ./src/pocsag.o
 .debug_macro   0x0004b9eb       0x16 ./src/pocsag.o
 .debug_macro   0x0004ba01       0x35 ./src/pocsag.o
 .debug_macro   0x0004ba36      0x344 ./src/timer0.o
 .debug_macro   0x0004bd7a       0x10 ./src/timer0.o
 .debug_macro   0x0004bd8a      0x35d ./src/timer1.o
 .debug_macro   0x0004c0e7      0x354 ./src/uart0.o
 .debug_macro   0x0004c43b      0x354 ./src/uart1.o
 .debug_macro   0x0004c78f      0x34a ./src/usart0.o
 .debug_macro   0x0004cad9      0x335 ./src/wtimer0.o

.debug_line     0x00000000     0xd50e
 .debug_line    0x00000000     0x16c8 ./src/em_cmu.o
 .debug_line    0x000016c8      0xc0b ./src/em_gpio.o
 .debug_line    0x000022d3      0xd9c ./src/em_usart.o
 .debug_line    0x0000306f      0xce4 ./src/main.o
 .debug_line    0x00003d53       0xd9 ./CMSIS/EFM32GG11B/startup_efm32gg11b.o
 .debug_line    0x00003e2c      0xa44 ./CMSIS/EFM32GG11B/system_efm32gg11b.o
 .debug_line    0x00004870     0x1690 ./src/em_emu.o
 .debug_line    0x00005f00      0xc92 ./src/em_timer.o
 .debug_line    0x00006b92      0xb3d ./src/inputs.o
 .debug_line    0x000076cf      0xc02 ./src/led.o
 .debug_line    0x000082d1      0x3e1 ./src/parameters.o
 .debug_line    0x000086b2      0xfd1 ./src/pocsag.o
 .debug_line    0x00009683      0xa64 ./src/timer0.o
 .debug_line    0x0000a0e7      0xaa6 ./src/timer1.o
 .debug_line    0x0000ab8d      0xa77 ./src/uart0.o
 .debug_line    0x0000b604      0xa8d ./src/uart1.o
 .debug_line    0x0000c091      0xa82 ./src/usart0.o
 .debug_line    0x0000cb13      0x9fb ./src/wtimer0.o

.debug_str      0x00000000   0x1e88dc
 .debug_str     0x00000000   0x1e1b0f ./src/em_cmu.o
                             0x1e2ec8 (size before relaxing)
 .debug_str     0x001e1b0f      0x4c0 ./src/em_gpio.o
                             0x1de47b (size before relaxing)
 .debug_str     0x001e1fcf      0xf18 ./src/em_usart.o
                             0x1e0269 (size before relaxing)
 .debug_str     0x001e2ee7     0x23eb ./src/main.o
                             0x1e3f39 (size before relaxing)
 .debug_str     0x001e52d2       0x9d ./CMSIS/EFM32GG11B/startup_efm32gg11b.o
                                 0xef (size before relaxing)
 .debug_str     0x001e536f      0x275 ./CMSIS/EFM32GG11B/system_efm32gg11b.o
                             0x1dda70 (size before relaxing)
 .debug_str     0x001e55e4     0x1dd8 ./src/em_emu.o
                             0x1e3da9 (size before relaxing)
 .debug_str     0x001e73bc      0xa9f ./src/em_timer.o
                             0x1de03d (size before relaxing)
 .debug_str     0x001e7e5b      0x49e ./src/inputs.o
                             0x1e020e (size before relaxing)
 .debug_str     0x001e82f9       0xcf ./src/led.o
                             0x1df8b8 (size before relaxing)
 .debug_str     0x001e83c8       0x34 ./src/parameters.o
                               0x73e4 (size before relaxing)
 .debug_str     0x001e83fc      0x2e2 ./src/pocsag.o
                             0x1e2105 (size before relaxing)
 .debug_str     0x001e86de       0x52 ./src/timer0.o
                             0x1dfc1a (size before relaxing)
 .debug_str     0x001e8730       0x77 ./src/timer1.o
                             0x1dfeca (size before relaxing)
 .debug_str     0x001e87a7       0x5c ./src/uart0.o
                             0x1e01b3 (size before relaxing)
 .debug_str     0x001e8803       0x4b ./src/uart1.o
                             0x1e01c9 (size before relaxing)
 .debug_str     0x001e884e       0x5a ./src/usart0.o
                             0x1e01d4 (size before relaxing)
 .debug_str     0x001e88a8       0x34 ./src/wtimer0.o
                             0x1df9b7 (size before relaxing)

.debug_frame    0x00000000     0x3020
 .debug_frame   0x00000000      0x934 ./src/em_cmu.o
 .debug_frame   0x00000934      0x224 ./src/em_gpio.o
 .debug_frame   0x00000b58      0x388 ./src/em_usart.o
 .debug_frame   0x00000ee0      0x178 ./src/main.o
 .debug_frame   0x00001058      0x164 ./CMSIS/EFM32GG11B/system_efm32gg11b.o
 .debug_frame   0x000011bc      0x9bc ./src/em_emu.o
 .debug_frame   0x00001b78      0x15c ./src/em_timer.o
 .debug_frame   0x00001cd4      0x210 ./src/inputs.o
 .debug_frame   0x00001ee4      0x2e4 ./src/led.o
 .debug_frame   0x000021c8       0x60 ./src/parameters.o
 .debug_frame   0x00002228      0x37c ./src/pocsag.o
 .debug_frame   0x000025a4       0xfc ./src/timer0.o
 .debug_frame   0x000026a0      0x140 ./src/timer1.o
 .debug_frame   0x000027e0      0x114 ./src/uart0.o
 .debug_frame   0x000028f4      0x138 ./src/uart1.o
 .debug_frame   0x00002a2c      0x13c ./src/usart0.o
 .debug_frame   0x00002b68       0x80 ./src/wtimer0.o
 .debug_frame   0x00002be8       0x2c d:/siliconlabs/simplicitystudio/v4/developer/toolchains/gnu_arm/7.2_2017q4/bin/../lib/gcc/arm-none-eabi/7.2.1/thumb/v7e-m/fpv4-sp/softfp\libgcc.a(_aeabi_uldivmod.o)
 .debug_frame   0x00002c14       0x34 d:/siliconlabs/simplicitystudio/v4/developer/toolchains/gnu_arm/7.2_2017q4/bin/../lib/gcc/arm-none-eabi/7.2.1/thumb/v7e-m/fpv4-sp/softfp\libgcc.a(_udivmoddi4.o)
 .debug_frame   0x00002c48       0x28 d:/siliconlabs/simplicitystudio/v4/developer/toolchains/gnu_arm/7.2_2017q4/bin/../lib/gcc/arm-none-eabi/7.2.1/../../../../arm-none-eabi/lib/thumb/v7e-m/fpv4-sp/softfp\libc_nano.a(lib_a-exit.o)
 .debug_frame   0x00002c70       0x2c d:/siliconlabs/simplicitystudio/v4/developer/toolchains/gnu_arm/7.2_2017q4/bin/../lib/gcc/arm-none-eabi/7.2.1/../../../../arm-none-eabi/lib/thumb/v7e-m/fpv4-sp/softfp\libc_nano.a(lib_a-init.o)
 .debug_frame   0x00002c9c       0x28 d:/siliconlabs/simplicitystudio/v4/developer/toolchains/gnu_arm/7.2_2017q4/bin/../lib/gcc/arm-none-eabi/7.2.1/../../../../arm-none-eabi/lib/thumb/v7e-m/fpv4-sp/softfp\libc_nano.a(lib_a-memcpy-stub.o)
 .debug_frame   0x00002cc4       0x20 d:/siliconlabs/simplicitystudio/v4/developer/toolchains/gnu_arm/7.2_2017q4/bin/../lib/gcc/arm-none-eabi/7.2.1/../../../../arm-none-eabi/lib/thumb/v7e-m/fpv4-sp/softfp\libc_nano.a(lib_a-memset.o)
 .debug_frame   0x00002ce4       0x6c d:/siliconlabs/simplicitystudio/v4/developer/toolchains/gnu_arm/7.2_2017q4/bin/../lib/gcc/arm-none-eabi/7.2.1/../../../../arm-none-eabi/lib/thumb/v7e-m/fpv4-sp/softfp\libc_nano.a(lib_a-sprintf.o)
 .debug_frame   0x00002d50       0x90 d:/siliconlabs/simplicitystudio/v4/developer/toolchains/gnu_arm/7.2_2017q4/bin/../lib/gcc/arm-none-eabi/7.2.1/../../../../arm-none-eabi/lib/thumb/v7e-m/fpv4-sp/softfp\libc_nano.a(lib_a-nano-svfprintf.o)
 .debug_frame   0x00002de0       0x60 d:/siliconlabs/simplicitystudio/v4/developer/toolchains/gnu_arm/7.2_2017q4/bin/../lib/gcc/arm-none-eabi/7.2.1/../../../../arm-none-eabi/lib/thumb/v7e-m/fpv4-sp/softfp\libc_nano.a(lib_a-nano-vfprintf_i.o)
 .debug_frame   0x00002e40       0x28 d:/siliconlabs/simplicitystudio/v4/developer/toolchains/gnu_arm/7.2_2017q4/bin/../lib/gcc/arm-none-eabi/7.2.1/../../../../arm-none-eabi/lib/thumb/v7e-m/fpv4-sp/softfp\libc_nano.a(lib_a-memmove.o)
 .debug_frame   0x00002e68       0x38 d:/siliconlabs/simplicitystudio/v4/developer/toolchains/gnu_arm/7.2_2017q4/bin/../lib/gcc/arm-none-eabi/7.2.1/../../../../arm-none-eabi/lib/thumb/v7e-m/fpv4-sp/softfp\libc_nano.a(lib_a-nano-freer.o)
 .debug_frame   0x00002ea0       0x2c d:/siliconlabs/simplicitystudio/v4/developer/toolchains/gnu_arm/7.2_2017q4/bin/../lib/gcc/arm-none-eabi/7.2.1/../../../../arm-none-eabi/lib/thumb/v7e-m/fpv4-sp/softfp\libc_nano.a(lib_a-nano-mallocr.o)
 .debug_frame   0x00002ecc       0x3c d:/siliconlabs/simplicitystudio/v4/developer/toolchains/gnu_arm/7.2_2017q4/bin/../lib/gcc/arm-none-eabi/7.2.1/../../../../arm-none-eabi/lib/thumb/v7e-m/fpv4-sp/softfp\libc_nano.a(lib_a-nano-reallocr.o)
 .debug_frame   0x00002f08       0x2c d:/siliconlabs/simplicitystudio/v4/developer/toolchains/gnu_arm/7.2_2017q4/bin/../lib/gcc/arm-none-eabi/7.2.1/../../../../arm-none-eabi/lib/thumb/v7e-m/fpv4-sp/softfp\libc_nano.a(lib_a-sbrkr.o)
 .debug_frame   0x00002f34       0x30 d:/siliconlabs/simplicitystudio/v4/developer/toolchains/gnu_arm/7.2_2017q4/bin/../lib/gcc/arm-none-eabi/7.2.1/../../../../arm-none-eabi/lib/thumb/v7e-m/fpv4-sp/softfp\libc_nano.a(lib_a-mlock.o)
 .debug_frame   0x00002f64       0x20 d:/siliconlabs/simplicitystudio/v4/developer/toolchains/gnu_arm/7.2_2017q4/bin/../lib/gcc/arm-none-eabi/7.2.1/../../../../arm-none-eabi/lib/thumb/v7e-m/fpv4-sp/softfp\libc_nano.a(lib_a-nano-msizer.o)
 .debug_frame   0x00002f84       0x5c d:/siliconlabs/simplicitystudio/v4/developer/toolchains/gnu_arm/7.2_2017q4/bin/../lib/gcc/arm-none-eabi/7.2.1/../../../../arm-none-eabi/lib/thumb/v7e-m/fpv4-sp/softfp\libc_nano.a(lib_a-reent.o)
 .debug_frame   0x00002fe0       0x20 d:/siliconlabs/simplicitystudio/v4/developer/toolchains/gnu_arm/7.2_2017q4/bin/../lib/gcc/arm-none-eabi/7.2.1/../../../../arm-none-eabi/lib/thumb/v7e-m/fpv4-sp/softfp\libnosys.a(sbrk.o)
 .debug_frame   0x00003000       0x20 d:/siliconlabs/simplicitystudio/v4/developer/toolchains/gnu_arm/7.2_2017q4/bin/../lib/gcc/arm-none-eabi/7.2.1/../../../../arm-none-eabi/lib/thumb/v7e-m/fpv4-sp/softfp\libnosys.a(_exit.o)
